#
# A fatal error has been detected by the Java Runtime Environment:
#
#  EXCEPTION_ACCESS_VIOLATION (0xc0000005) at pc=0x00007ff8499e6587, pid=776, tid=5588
#
# JRE version: Java(TM) SE Runtime Environment (24.0.2+12) (build 24.0.2+12-54)
# Java VM: Java HotSpot(TM) 64-Bit Server VM (24.0.2+12-54, mixed mode, sharing, tiered, compressed oops, compressed class ptrs, g1 gc, windows-amd64)
# Problematic frame:
# C  [glass.dll+0x26587]
#
# No core dump will be written. Minidumps are not enabled by default on client versions of Windows
#
# If you would like to submit a bug report, please visit:
#   https://bugreport.java.com/bugreport/crash.jsp
#

---------------  S U M M A R Y ------------

Command Line: -javaagent:C:\Program Files\JetBrains\IntelliJ IDEA Community Edition 2025.2.1\lib\idea_rt.jar=56059 -Dfile.encoding=UTF-8 -Dsun.stdout.encoding=UTF-8 -Dsun.stderr.encoding=UTF-8 com.pi.grafos.Main

Host: Intel(R) Core(TM) i7-8565U CPU @ 1.80GHz, 8 cores, 7G,  Windows 11 , 64 bit Build 26100 (10.0.26100.7309)
Time: Sat Dec  6 13:43:02 2025 Hora oficial do Brasil elapsed time: 96.436154 seconds (0d 0h 1m 36s)

---------------  T H R E A D  ---------------

Current thread (0x00000178a0917b60):  VMThread "VM Thread"          [id=5588, stack(0x0000005975500000,0x0000005975600000) (1024K)]

Stack: [0x0000005975500000,0x0000005975600000],  sp=0x00000059755ff3a0,  free space=1020k
Native frames: (J=compiled Java code, j=interpreted, Vv=VM code, C=native code)
C  [glass.dll+0x26587]  (no source info available)
C  [ucrtbase.dll+0x4bc75]  (no source info available)
C  [ucrtbase.dll+0x4b897]  (no source info available)
C  [ucrtbase.dll+0x4b84d]  (no source info available)
C  [glass.dll+0x23d5d]  (no source info available)
C  [glass.dll+0x23e82]  (no source info available)
C  [ntdll.dll+0x15f87e]  (no source info available)
C  [ntdll.dll+0xbcae]  (no source info available)
C  [ntdll.dll+0x8d4af]  (no source info available)
C  [ntdll.dll+0x8c67e]  (no source info available)
C  [KERNEL32.DLL+0x418ab]  (no source info available)
C  [ucrtbase.dll+0xa0093]  (no source info available)
V  [jvm.dll+0x72928c]  (no source info available)
V  [jvm.dll+0x728dc0]  (no source info available)
V  [jvm.dll+0x41b344]  (no source info available)
V  [jvm.dll+0x8e29c2]  (no source info available)
V  [jvm.dll+0x8e3d0c]  (no source info available)
V  [jvm.dll+0x8e4278]  (no source info available)
V  [jvm.dll+0x8e4513]  (no source info available)
V  [jvm.dll+0x87d9eb]  (no source info available)
V  [jvm.dll+0x72ef45]  (no source info available)
C  [ucrtbase.dll+0x37b0]  (no source info available)
C  [KERNEL32.DLL+0x2e8d7]  (no source info available)
C  [ntdll.dll+0x8c53c]  (no source info available)


siginfo: EXCEPTION_ACCESS_VIOLATION (0xc0000005), reading address 0x0000000000000000


Registers:
RAX=0x0000000000000000, RBX=0x00000178a0926162, RCX=0x00000178a0917b60, RDX=0x00000059755ff3a0
RSP=0x00000059755ff3a0, RBP=0x0000c28d6e8ab2e5, RSI=0x00000178e6cc0218, RDI=0x00000178e6cc01f0
R8 =0x0000000000010002, R9 =0x0000c28d6e8ab2e5, R10=0x0000017881540000, R11=0x00000059755ff488
R12=0x0000000000000001, R13=0x00007ff8499e3ed0, R14=0x00000059755ff4a8, R15=0x00000178e6cc01f0
RIP=0x00007ff8499e6587, EFLAGS=0x0000000000010202

XMM[0]=0x0000000000000000 0x0000000000000000
XMM[1]=0x0000000000000000 0x00000059755fe000
XMM[2]=0x0000000000000000 0x0000000000000000
XMM[3]=0x0000000000000000 0x0000000000000000
XMM[4]=0x0000000000000000 0x0000000000000000
XMM[5]=0x0000000000000000 0x0000000000000000
XMM[6]=0x0000000000000000 0x0000000000000000
XMM[7]=0x0000000000000000 0x404e000000000000
XMM[8]=0x0000000000000000 0x0000000000000000
XMM[9]=0x0000000000000000 0x0000000000000000
XMM[10]=0x0000000000000000 0x0000000000000000
XMM[11]=0x0000000000000000 0x0000000000000000
XMM[12]=0x0000000000000000 0x0000000000000000
XMM[13]=0x0000000000000000 0x0000000000000000
XMM[14]=0x0000000000000000 0x0000000000000000
XMM[15]=0x0000000000000000 0x0000000000000000
  MXCSR=0x00001fa0


Register to memory mapping:

RAX=0x0 is null
RBX=0x00000178a0926162 is a global jni handle
RCX=0x00000178a0917b60 points into unknown readable memory: 0x00007ff824a47c38 | 38 7c a4 24 f8 7f 00 00
RDX=0x00000059755ff3a0 points into unknown readable memory: 0x0000000000000000 | 00 00 00 00 00 00 00 00
RSP=0x00000059755ff3a0 points into unknown readable memory: 0x0000000000000000 | 00 00 00 00 00 00 00 00
RBP=0x0000c28d6e8ab2e5 is an unknown value
RSI=0x00000178e6cc0218 points into unknown readable memory: 0x0000c28d6e8ab2e5 | e5 b2 8a 6e 8d c2 00 00
RDI=0x00000178e6cc01f0 points into unknown readable memory: 0x33c7ff8d6e854dec | ec 4d 85 6e 8d ff c7 33
R8 =0x0000000000010002 is an unknown value
R9 =0x0000c28d6e8ab2e5 is an unknown value
R10=0x0000017881540000 points into unknown readable memory: 0x0000000000000000 | 00 00 00 00 00 00 00 00
R11=0x00000059755ff488 points into unknown readable memory: 0x00007ff8499e3d5d | 5d 3d 9e 49 f8 7f 00 00
R12=0x0000000000000001 is an unknown value
R13=0x00007ff8499e3ed0 glass.dll
R14=0x00000059755ff4a8 points into unknown readable memory: 0x00000059755ff490 | 90 f4 5f 75 59 00 00 00
R15=0x00000178e6cc01f0 points into unknown readable memory: 0x33c7ff8d6e854dec | ec 4d 85 6e 8d ff c7 33

Top of Stack: (sp=0x00000059755ff3a0)
0x00000059755ff3a0:   0000000000000000 0000017800000000   ............x...
0x00000059755ff3b0:   00000178e6ca4050 0000000000000001   P@..x...........
0x00000059755ff3c0:   00000178e6cc01f8 00007ff88e31bc75   ....x...u.1.....
0x00000059755ff3d0:   00000178e6cc01f0 0000017800000000   ....x.......x...
0x00000059755ff3e0:   00000178e6cc0210 0000c28d6e8ab2e5   ....x......n....
0x00000059755ff3f0:   fffffffffffffffe 00007ff868730000   ..........sh....
0x00000059755ff400:   00007ff8499c0000 00007ff8499c0000   ...I.......I....
0x00000059755ff410:   00000059755ff498 00007ff88e31b897   .._uY.....1.....
0x00000059755ff420:   00000059755ff400 00000059755ff4a8   .._uY....._uY...
0x00000059755ff430:   00000059755ff790 00007ff88e4088c0   .._uY.....@.....
0x00000059755ff440:   0000000000000001 00007ff88e31b84d   ........M.1.....
0x00000059755ff450:   0000000000000000 0000000000000001   ................
0x00000059755ff460:   00000059755ff790 00000059755ff498   .._uY....._uY...
0x00000059755ff470:   fffffffffffffffe 00007ff890ba0533   ........3.......
0x00000059755ff480:   0000000000000000 00007ff8499e3d5d   ........]=.I....
0x00000059755ff490:   00007ff8499fa008 0000005900000002   ...I........Y...
0x00000059755ff4a0:   00007ff800000002 00000059755ff490   .........._uY...
0x00000059755ff4b0:   0000000000000000 00007ff88d275e37   ........7^'.....
0x00000059755ff4c0:   0000000000000000 00007ff8499e3e82   .........>.I....
0x00000059755ff4d0:   0000000000000001 0000000000000000   ................
0x00000059755ff4e0:   0000000000000001 00007ff890b4a6af   ................
0x00000059755ff4f0:   00007ff88d270000 00000059755ff790   ..'......._uY...
0x00000059755ff500:   0000000000000001 0000000000000000   ................
0x00000059755ff510:   0000000000000000 000000007ffe0384   ................
0x00000059755ff520:   00000178e6b497b0 00007ff890c9f87e   ....x...~.......
0x00000059755ff530:   00007ff8499c0000 0000017800000000   ...I........x...
0x00000059755ff540:   0000000000000001 000000007ffe0385   ................
0x00000059755ff550:   00007ff8499e75a0 00007ff890b4bcae   .u.I............
0x00000059755ff560:   0000000000000000 0000000000000000   ................
0x00000059755ff570:   0000000000000000 0000000000000000   ................
0x00000059755ff580:   0000000000000000 0000000000000000   ................
0x00000059755ff590:   0000000000000000 0000000000000000   ................

Instructions: (pc=0x00007ff8499e6587)
  0x00007ff8499e6487:   8b 4d 58 e8 8d cf ff ff 48 8b 4d 60 e8 84 cf ff
  0x00007ff8499e6497:   ff 48 8b 95 80 00 00 00 48 8b 8d 18 01 00 00 e8
  0x00007ff8499e64a7:   76 c4 ff ff 33 d2 33 c9 e8 cc e1 ff ff 90 48 89
  0x00007ff8499e64b7:   54 24 10 55 48 83 ec 20 48 8b ea 48 b8 00 00 00
  0x00007ff8499e64c7:   00 00 00 00 00 48 83 c4 20 5d c3 cc 40 55 48 8b
  0x00007ff8499e64d7:   ea 48 8b 01 33 c9 81 38 05 00 00 c0 0f 94 c1 8b
  0x00007ff8499e64e7:   c1 5d c3 cc 40 55 48 83 ec 20 48 8b ea 8a 4d 40
  0x00007ff8499e64f7:   48 83 c4 20 5d e9 73 d3 ff ff cc 40 55 48 83 ec
  0x00007ff8499e6507:   20 48 8b ea 8a 4d 20 e8 61 d3 ff ff 90 48 83 c4
  0x00007ff8499e6517:   20 5d c3 cc 40 55 48 83 ec 20 48 8b ea 48 83 c4
  0x00007ff8499e6527:   20 5d e9 c2 d1 ff ff cc 40 55 48 83 ec 30 48 8b
  0x00007ff8499e6537:   ea 48 8b 01 8b 10 48 89 4c 24 28 89 54 24 20 4c
  0x00007ff8499e6547:   8d 0d 63 d6 ff ff 4c 8b 45 70 8b 55 68 48 8b 4d
  0x00007ff8499e6557:   60 e8 03 d1 ff ff 90 48 83 c4 30 5d c3 cc cc cc
  0x00007ff8499e6567:   cc cc cc cc cc cc cc cc cc 40 53 48 83 ec 20 48
  0x00007ff8499e6577:   8b 1d 8b 34 01 00 48 85 db 74 16 e8 89 8f ff ff
=>0x00007ff8499e6587:   4c 8b 00 48 8b d3 48 8b c8 41 ff 90 b0 00 00 00
  0x00007ff8499e6597:   90 48 83 c4 20 5b c3 cc cc 40 53 48 83 ec 20 48
  0x00007ff8499e65a7:   8b 1d fb 35 01 00 48 85 db 74 57 b8 ff ff ff ff
  0x00007ff8499e65b7:   f0 0f c1 43 10 83 f8 01 75 3d 48 85 db 74 38 48
  0x00007ff8499e65c7:   8b 0b 48 85 c9 74 0d ff 15 d4 0c 00 00 48 c7 03
  0x00007ff8499e65d7:   00 00 00 00 48 8b 4b 08 48 85 c9 74 0d e8 33 ce
  0x00007ff8499e65e7:   ff ff 48 c7 43 08 00 00 00 00 ba 18 00 00 00 48
  0x00007ff8499e65f7:   8b cb e8 1e ce ff ff 48 c7 05 9f 35 01 00 00 00
  0x00007ff8499e6607:   00 00 48 83 c4 20 5b c3 cc 40 53 48 83 ec 20 48
  0x00007ff8499e6617:   8b 1d 6b 35 01 00 48 85 db 74 57 b8 ff ff ff ff
  0x00007ff8499e6627:   f0 0f c1 43 10 83 f8 01 75 3d 48 85 db 74 38 48
  0x00007ff8499e6637:   8b 0b 48 85 c9 74 0d ff 15 64 0c 00 00 48 c7 03
  0x00007ff8499e6647:   00 00 00 00 48 8b 4b 08 48 85 c9 74 0d e8 c3 cd
  0x00007ff8499e6657:   ff ff 48 c7 43 08 00 00 00 00 ba 18 00 00 00 48
  0x00007ff8499e6667:   8b cb e8 ae cd ff ff 48 c7 05 0f 35 01 00 00 00
  0x00007ff8499e6677:   00 00 48 83 c4 20 5b c3 cc 40 53 48 83 ec 20 48


Stack slot to memory mapping:

stack at sp + 0 slots: 0x0 is null
stack at sp + 1 slots: 0x0000017800000000 is an unknown value
stack at sp + 2 slots: 0x00000178e6ca4050 points into unknown readable memory: 0x00000178e6ca6c20 | 20 6c ca e6 78 01 00 00
stack at sp + 3 slots: 0x0000000000000001 is an unknown value
stack at sp + 4 slots: 0x00000178e6cc01f8 points into unknown readable memory: 0x0000c28d6e8ab2e5 | e5 b2 8a 6e 8d c2 00 00
stack at sp + 5 slots: 0x00007ff88e31bc75 ucrtbase.dll
stack at sp + 6 slots: 0x00000178e6cc01f0 points into unknown readable memory: 0x33c7ff8d6e854dec | ec 4d 85 6e 8d ff c7 33
stack at sp + 7 slots: 0x0000017800000000 is an unknown value

VM_Operation (0x0000005974bfeea0): Exit, mode: safepoint, requested by thread 0x00000178e62b7e90


---------------  P R O C E S S  ---------------

Threads class SMR info:
_java_thread_list=0x00000178ecc5eee0, length=21, elements={
0x0000017883a65130, 0x00000178a0927eb0, 0x00000178a092a700, 0x00000178a092ff20,
0x00000178a0930da0, 0x00000178a0932440, 0x00000178a0933c10, 0x00000178a093ad50,
0x00000178a0940990, 0x00000178a0ab5a10, 0x00000178a0bab820, 0x00000178a0d65540,
0x00000178e61aade0, 0x00000178e6b3da20, 0x00000178e6c9fb10, 0x00000178e6baced0,
0x00000178e6da8880, 0x00000178ec158320, 0x00000178eea6bc50, 0x00000178eea69070,
0x00000178e62b7e90
}

Java Threads: ( => current thread )
  0x0000017883a65130 JavaThread "main"                              [_thread_blocked, id=2464, stack(0x0000005974e00000,0x0000005974f00000) (1024K)]
  0x00000178a0927eb0 JavaThread "Reference Handler"          daemon [_thread_blocked, id=1252, stack(0x0000005975600000,0x0000005975700000) (1024K)]
  0x00000178a092a700 JavaThread "Finalizer"                  daemon [_thread_blocked, id=1548, stack(0x0000005975700000,0x0000005975800000) (1024K)]
  0x00000178a092ff20 JavaThread "Signal Dispatcher"          daemon [_thread_blocked, id=10156, stack(0x0000005975800000,0x0000005975900000) (1024K)]
  0x00000178a0930da0 JavaThread "Attach Listener"            daemon [_thread_blocked, id=15024, stack(0x0000005975900000,0x0000005975a00000) (1024K)]
  0x00000178a0932440 JavaThread "Service Thread"             daemon [_thread_blocked, id=7416, stack(0x0000005975a00000,0x0000005975b00000) (1024K)]
  0x00000178a0933c10 JavaThread "Monitor Deflation Thread"   daemon [_thread_blocked, id=2084, stack(0x0000005975b00000,0x0000005975c00000) (1024K)]
  0x00000178a093ad50 JavaThread "C2 CompilerThread0"         daemon [_thread_blocked, id=14524, stack(0x0000005975c00000,0x0000005975d00000) (1024K)]
  0x00000178a0940990 JavaThread "C1 CompilerThread0"         daemon [_thread_blocked, id=10932, stack(0x0000005975d00000,0x0000005975e00000) (1024K)]
  0x00000178a0ab5a10 JavaThread "Common-Cleaner"             daemon [_thread_blocked, id=8176, stack(0x0000005975f00000,0x0000005976000000) (1024K)]
  0x00000178a0bab820 JavaThread "Monitor Ctrl-Break"         daemon [_thread_in_native, id=10260, stack(0x0000005976000000,0x0000005976100000) (1024K)]
  0x00000178a0d65540 JavaThread "Notification Thread"        daemon [_thread_blocked, id=7912, stack(0x0000005976100000,0x0000005976200000) (1024K)]
  0x00000178e61aade0 JavaThread "JavaFX-Launcher"                   [_thread_blocked, id=8936, stack(0x0000005976200000,0x0000005976300000) (1024K)]
  0x00000178e6b3da20 JavaThread "QuantumRenderer-0"          daemon [_thread_blocked, id=10592, stack(0x0000005976300000,0x0000005976400000) (1024K)]
  0x00000178e6c9fb10 JavaThread "InvokeLaterDispatcher"      daemon [_thread_blocked, id=7144, stack(0x0000005976400000,0x0000005976500000) (1024K)]
  0x00000178e6baced0 JavaThread "JavaFX Application Thread"         [_thread_in_native, id=13588, stack(0x0000005976500000,0x0000005976600000) (1024K)]
  0x00000178e6da8880 JavaThread "Thread-2"                   daemon [_thread_in_native, id=15568, stack(0x0000005976900000,0x0000005976a00000) (1024K)]
  0x00000178ec158320 JavaThread "PostgreSQL-JDBC-Cleaner"    daemon [_thread_blocked, id=16192, stack(0x0000005977400000,0x0000005977500000) (1024K)]
  0x00000178eea6bc50 JavaThread "Prism Font Disposer"        daemon [_thread_blocked, id=2724, stack(0x0000005977700000,0x0000005977800000) (1024K)]
  0x00000178eea69070 JavaThread "Cleaner-0"                  daemon [_thread_blocked, id=16340, stack(0x0000005977a00000,0x0000005977b00000) (1024K)]
  0x00000178e62b7e90 JavaThread "SIGINT handler"             daemon [_thread_blocked, id=4580, stack(0x0000005974b00000,0x0000005974c00000) (1024K)]
Total: 21

Other Threads:
=>0x00000178a0917b60 VMThread "VM Thread"                           [id=5588, stack(0x0000005975500000,0x0000005975600000) (1024K)]
  0x0000017883abd090 WorkerThread "GC Thread#0"                     [id=6392, stack(0x0000005974f00000,0x0000005975000000) (1024K)]
  0x00000178e717fbb0 WorkerThread "GC Thread#1"                     [id=2012, stack(0x0000005976b00000,0x0000005976c00000) (1024K)]
  0x00000178e717ff60 WorkerThread "GC Thread#2"                     [id=6048, stack(0x0000005976c00000,0x0000005976d00000) (1024K)]
  0x00000178e7180310 WorkerThread "GC Thread#3"                     [id=1236, stack(0x0000005976d00000,0x0000005976e00000) (1024K)]
  0x00000178e71806c0 WorkerThread "GC Thread#4"                     [id=1932, stack(0x0000005976e00000,0x0000005976f00000) (1024K)]
  0x00000178e7180a70 WorkerThread "GC Thread#5"                     [id=13112, stack(0x0000005976f00000,0x0000005977000000) (1024K)]
  0x00000178e7181630 WorkerThread "GC Thread#6"                     [id=3364, stack(0x0000005977000000,0x0000005977100000) (1024K)]
  0x00000178e71819e0 WorkerThread "GC Thread#7"                     [id=9080, stack(0x0000005977100000,0x0000005977200000) (1024K)]
  0x0000017883ad2b20 ConcurrentGCThread "G1 Main Marker"            terminated
  0x0000017883ad3dd0 WorkerThread "G1 Conc#0"                       [id=1220, stack(0x0000005975100000,0x0000005975200000) (1024K)]
  0x00000178e7098f00 WorkerThread "G1 Conc#1"                       [id=15036, stack(0x0000005976a00000,0x0000005976b00000) (1024K)]
  0x00000178a07d1170 ConcurrentGCThread "G1 Refine#0"               terminated
  0x00000178a07d1b00 ConcurrentGCThread "G1 Service"                terminated
Total: 14

Threads with active compile tasks:
C2 CompilerThread0  96754 12371       4       org.springframework.beans.factory.support.AbstractBeanFactory::isFactoryBean (71 bytes)
C1 CompilerThread0  96754 12383       3       ch.qos.logback.classic.Logger::recursiveReset (58 bytes)
Total: 2

VM state: at safepoint (shutting down)

VM Mutex/Monitor currently owned by a thread:  ([mutex/lock_event])
[0x00007ff824c244f0] Threads_lock - owner thread: 0x00000178a0917b60
[0x00007ff824c245f0] Heap_lock - owner thread: 0x00000178e62b7e90

Heap address: 0x0000000081e00000, size: 2018 MB, Compressed Oops mode: 32-bit

CDS archive(s) mapped at: [0x00000178a1000000-0x00000178a1d40000-0x00000178a1d40000), size 13893632, SharedBaseAddress: 0x00000178a1000000, ArchiveRelocationMode: 1.
Compressed class space mapped at: 0x00000178a2000000-0x00000178e2000000, reserved size: 1073741824
UseCompressedClassPointers 1, UseCompactObjectHeaders 0
Narrow klass pointer bits 32, Max shift 3
Narrow klass base: 0x00000178a1000000, Narrow klass shift: 0
Encoding Range: [0x00000178a1000000 - 0x00000179a1000000), (4294967296 bytes)
Klass Range:    [0x00000178a1000000 - 0x00000178e2000000), (1090519040 bytes)
Klass ID Range:  [8 - 1090519033) (1090519025)

GC Precious Log:
 CardTable entry size: 512
 Card Set container configuration: InlinePtr #cards 5 size 8 Array Of Cards #cards 10 size 36 Howl #buckets 4 coarsen threshold 1843 Howl Bitmap #cards 512 size 80 coarsen threshold 460 Card regions per heap region 1 cards per card region 2048
 CPUs: 8 total, 8 available
 Memory: 8067M
 Large Page Support: Disabled
 NUMA Support: Disabled
 Compressed Oops: Enabled (32-bit)
 Heap Region Size: 1M
 Heap Min Capacity: 8M
 Heap Initial Capacity: 128M
 Heap Max Capacity: 2018M
 Pre-touch: Disabled
 Parallel Workers: 8
 Concurrent Workers: 2
 Concurrent Refinement Workers: 8
 Periodic GC: Disabled

Heap:
 garbage-first heap   total reserved 2066432K, committed 178176K, used 115577K [0x0000000081e00000, 0x0000000100000000)
  region size 1024K, 18 young (18432K), 6 survivors (6144K)
 Metaspace       used 77740K, committed 78400K, reserved 1179648K
  class space    used 9575K, committed 9856K, reserved 1048576K

Heap Regions: E=young(eden), S=young(survivor), O=old, HS=humongous(starts), HC=humongous(continues), CS=collection set, F=free, TAMS=top-at-mark-start, PB=parsable bottom
|   0|0x0000000081e00000, 0x0000000081f00000, 0x0000000081f00000|100%|HS|  |TAMS 0x0000000081e00000| PB 0x0000000081e00000| Complete |  0
|   1|0x0000000081f00000, 0x0000000082000000, 0x0000000082000000|100%|HS|  |TAMS 0x0000000081f00000| PB 0x0000000081f00000| Complete |  0
|   2|0x0000000082000000, 0x0000000082100000, 0x0000000082100000|100%| O|  |TAMS 0x0000000082000000| PB 0x0000000082000000| Untracked |  0
|   3|0x0000000082100000, 0x0000000082200000, 0x0000000082200000|100%| O|  |TAMS 0x0000000082100000| PB 0x0000000082100000| Untracked |  0
|   4|0x0000000082200000, 0x0000000082300000, 0x0000000082300000|100%| O|  |TAMS 0x0000000082200000| PB 0x0000000082200000| Untracked |  0
|   5|0x0000000082300000, 0x0000000082400000, 0x0000000082400000|100%| O|  |TAMS 0x0000000082300000| PB 0x0000000082300000| Untracked |  1
|   6|0x0000000082400000, 0x0000000082500000, 0x0000000082500000|100%| O|  |TAMS 0x0000000082400000| PB 0x0000000082400000| Untracked |  0
|   7|0x0000000082500000, 0x0000000082600000, 0x0000000082600000|100%| O|  |TAMS 0x0000000082500000| PB 0x0000000082500000| Untracked |  0
|   8|0x0000000082600000, 0x0000000082700000, 0x0000000082700000|100%| O|  |TAMS 0x0000000082600000| PB 0x0000000082600000| Untracked |  0
|   9|0x0000000082700000, 0x0000000082800000, 0x0000000082800000|100%| O|  |TAMS 0x0000000082700000| PB 0x0000000082700000| Untracked |  0
|  10|0x0000000082800000, 0x0000000082900000, 0x0000000082900000|100%| O|  |TAMS 0x0000000082800000| PB 0x0000000082800000| Untracked |  0
|  11|0x0000000082900000, 0x0000000082a00000, 0x0000000082a00000|100%| O|  |TAMS 0x0000000082900000| PB 0x0000000082900000| Untracked |  0
|  12|0x0000000082a00000, 0x0000000082b00000, 0x0000000082b00000|100%| O|  |TAMS 0x0000000082a00000| PB 0x0000000082a00000| Untracked |  0
|  13|0x0000000082b00000, 0x0000000082c00000, 0x0000000082c00000|100%| O|  |TAMS 0x0000000082b00000| PB 0x0000000082b00000| Untracked |  0
|  14|0x0000000082c00000, 0x0000000082d00000, 0x0000000082d00000|100%| O|  |TAMS 0x0000000082c00000| PB 0x0000000082c00000| Untracked |  0
|  15|0x0000000082d00000, 0x0000000082e00000, 0x0000000082e00000|100%| O|  |TAMS 0x0000000082d00000| PB 0x0000000082d00000| Untracked |  0
|  16|0x0000000082e00000, 0x0000000082f00000, 0x0000000082f00000|100%| O|  |TAMS 0x0000000082e00000| PB 0x0000000082e00000| Untracked |  0
|  17|0x0000000082f00000, 0x0000000082f00000, 0x0000000083000000|  0%| F|  |TAMS 0x0000000082f00000| PB 0x0000000082f00000| Untracked |  0
|  18|0x0000000083000000, 0x0000000083100000, 0x0000000083100000|100%| O|  |TAMS 0x0000000083000000| PB 0x0000000083000000| Untracked |  0
|  19|0x0000000083100000, 0x0000000083200000, 0x0000000083200000|100%| O|  |TAMS 0x0000000083100000| PB 0x0000000083100000| Untracked |  0
|  20|0x0000000083200000, 0x0000000083300000, 0x0000000083300000|100%| O|  |TAMS 0x0000000083200000| PB 0x0000000083200000| Untracked |  0
|  21|0x0000000083300000, 0x0000000083400000, 0x0000000083400000|100%| O|  |TAMS 0x0000000083300000| PB 0x0000000083300000| Untracked |  0
|  22|0x0000000083400000, 0x0000000083500000, 0x0000000083500000|100%| O|  |TAMS 0x0000000083400000| PB 0x0000000083400000| Untracked |  0
|  23|0x0000000083500000, 0x0000000083600000, 0x0000000083600000|100%| O|  |TAMS 0x0000000083500000| PB 0x0000000083500000| Untracked |  0
|  24|0x0000000083600000, 0x0000000083700000, 0x0000000083700000|100%| O|  |TAMS 0x0000000083600000| PB 0x0000000083600000| Untracked |  0
|  25|0x0000000083700000, 0x0000000083800000, 0x0000000083800000|100%| O|  |TAMS 0x0000000083700000| PB 0x0000000083700000| Untracked |  0
|  26|0x0000000083800000, 0x0000000083900000, 0x0000000083900000|100%| O|  |TAMS 0x0000000083800000| PB 0x0000000083800000| Untracked |  0
|  27|0x0000000083900000, 0x0000000083a00000, 0x0000000083a00000|100%| O|  |TAMS 0x0000000083900000| PB 0x0000000083900000| Untracked |  0
|  28|0x0000000083a00000, 0x0000000083b00000, 0x0000000083b00000|100%| O|  |TAMS 0x0000000083a00000| PB 0x0000000083a00000| Untracked |  0
|  29|0x0000000083b00000, 0x0000000083b00000, 0x0000000083c00000|  0%| F|  |TAMS 0x0000000083b00000| PB 0x0000000083b00000| Untracked |  0
|  30|0x0000000083c00000, 0x0000000083d00000, 0x0000000083d00000|100%| O|  |TAMS 0x0000000083c00000| PB 0x0000000083c00000| Untracked |  0
|  31|0x0000000083d00000, 0x0000000083d56a10, 0x0000000083e00000| 33%| O|  |TAMS 0x0000000083d00000| PB 0x0000000083d00000| Untracked |  0
|  32|0x0000000083e00000, 0x0000000083e00000, 0x0000000083f00000|  0%| F|  |TAMS 0x0000000083e00000| PB 0x0000000083e00000| Untracked |  0
|  33|0x0000000083f00000, 0x0000000083f00000, 0x0000000084000000|  0%| F|  |TAMS 0x0000000083f00000| PB 0x0000000083f00000| Untracked |  0
|  34|0x0000000084000000, 0x0000000084100000, 0x0000000084100000|100%|HS|  |TAMS 0x0000000084000000| PB 0x0000000084000000| Complete |  0
|  35|0x0000000084100000, 0x0000000084200000, 0x0000000084200000|100%|HC|  |TAMS 0x0000000084100000| PB 0x0000000084100000| Complete |  0
|  36|0x0000000084200000, 0x0000000084300000, 0x0000000084300000|100%|HS|  |TAMS 0x0000000084200000| PB 0x0000000084200000| Complete |  0
|  37|0x0000000084300000, 0x0000000084400000, 0x0000000084400000|100%|HC|  |TAMS 0x0000000084300000| PB 0x0000000084300000| Complete |  0
|  38|0x0000000084400000, 0x0000000084500000, 0x0000000084500000|100%|HC|  |TAMS 0x0000000084400000| PB 0x0000000084400000| Complete |  0
|  39|0x0000000084500000, 0x0000000084600000, 0x0000000084600000|100%|HC|  |TAMS 0x0000000084500000| PB 0x0000000084500000| Complete |  0
|  40|0x0000000084600000, 0x0000000084700000, 0x0000000084700000|100%|HC|  |TAMS 0x0000000084600000| PB 0x0000000084600000| Complete |  0
|  41|0x0000000084700000, 0x0000000084800000, 0x0000000084800000|100%|HC|  |TAMS 0x0000000084700000| PB 0x0000000084700000| Complete |  0
|  42|0x0000000084800000, 0x0000000084900000, 0x0000000084900000|100%|HC|  |TAMS 0x0000000084800000| PB 0x0000000084800000| Complete |  0
|  43|0x0000000084900000, 0x0000000084a00000, 0x0000000084a00000|100%| O|  |TAMS 0x0000000084900000| PB 0x0000000084900000| Untracked |  0
|  44|0x0000000084a00000, 0x0000000084b00000, 0x0000000084b00000|100%| O|  |TAMS 0x0000000084a00000| PB 0x0000000084a00000| Untracked |  0
|  45|0x0000000084b00000, 0x0000000084c00000, 0x0000000084c00000|100%| O|  |TAMS 0x0000000084b00000| PB 0x0000000084b00000| Untracked |  0
|  46|0x0000000084c00000, 0x0000000084d00000, 0x0000000084d00000|100%| O|  |TAMS 0x0000000084c00000| PB 0x0000000084c00000| Untracked |  0
|  47|0x0000000084d00000, 0x0000000084d00000, 0x0000000084e00000|  0%| F|  |TAMS 0x0000000084d00000| PB 0x0000000084d00000| Untracked |  0
|  48|0x0000000084e00000, 0x0000000084e00000, 0x0000000084f00000|  0%| F|  |TAMS 0x0000000084e00000| PB 0x0000000084e00000| Untracked |  0
|  49|0x0000000084f00000, 0x0000000084f00000, 0x0000000085000000|  0%| F|  |TAMS 0x0000000084f00000| PB 0x0000000084f00000| Untracked |  0
|  50|0x0000000085000000, 0x0000000085000000, 0x0000000085100000|  0%| F|  |TAMS 0x0000000085000000| PB 0x0000000085000000| Untracked |  0
|  51|0x0000000085100000, 0x0000000085100000, 0x0000000085200000|  0%| F|  |TAMS 0x0000000085100000| PB 0x0000000085100000| Untracked |  0
|  52|0x0000000085200000, 0x0000000085200000, 0x0000000085300000|  0%| F|  |TAMS 0x0000000085200000| PB 0x0000000085200000| Untracked |  0
|  53|0x0000000085300000, 0x0000000085300000, 0x0000000085400000|  0%| F|  |TAMS 0x0000000085300000| PB 0x0000000085300000| Untracked |  0
|  54|0x0000000085400000, 0x0000000085400000, 0x0000000085500000|  0%| F|  |TAMS 0x0000000085400000| PB 0x0000000085400000| Untracked |  0
|  55|0x0000000085500000, 0x0000000085500000, 0x0000000085600000|  0%| F|  |TAMS 0x0000000085500000| PB 0x0000000085500000| Untracked |  0
|  56|0x0000000085600000, 0x0000000085600000, 0x0000000085700000|  0%| F|  |TAMS 0x0000000085600000| PB 0x0000000085600000| Untracked |  0
|  57|0x0000000085700000, 0x0000000085787bc0, 0x0000000085800000| 53%| S|CS|TAMS 0x0000000085700000| PB 0x0000000085700000| Complete |  0
|  58|0x0000000085800000, 0x0000000085900000, 0x0000000085900000|100%| S|CS|TAMS 0x0000000085800000| PB 0x0000000085800000| Complete |  0
|  59|0x0000000085900000, 0x0000000085a00000, 0x0000000085a00000|100%| S|CS|TAMS 0x0000000085900000| PB 0x0000000085900000| Complete |  0
|  60|0x0000000085a00000, 0x0000000085b00000, 0x0000000085b00000|100%| S|CS|TAMS 0x0000000085a00000| PB 0x0000000085a00000| Complete |  0
|  61|0x0000000085b00000, 0x0000000085c00000, 0x0000000085c00000|100%| S|CS|TAMS 0x0000000085b00000| PB 0x0000000085b00000| Complete |  0
|  62|0x0000000085c00000, 0x0000000085d00000, 0x0000000085d00000|100%| S|CS|TAMS 0x0000000085c00000| PB 0x0000000085c00000| Complete |  0
|  63|0x0000000085d00000, 0x0000000085d00000, 0x0000000085e00000|  0%| F|  |TAMS 0x0000000085d00000| PB 0x0000000085d00000| Untracked |  0
|  64|0x0000000085e00000, 0x0000000085e00000, 0x0000000085f00000|  0%| F|  |TAMS 0x0000000085e00000| PB 0x0000000085e00000| Untracked |  0
|  65|0x0000000085f00000, 0x0000000085f00000, 0x0000000086000000|  0%| F|  |TAMS 0x0000000085f00000| PB 0x0000000085f00000| Untracked |  0
|  66|0x0000000086000000, 0x0000000086000000, 0x0000000086100000|  0%| F|  |TAMS 0x0000000086000000| PB 0x0000000086000000| Untracked |  0
|  67|0x0000000086100000, 0x0000000086100000, 0x0000000086200000|  0%| F|  |TAMS 0x0000000086100000| PB 0x0000000086100000| Untracked |  0
|  68|0x0000000086200000, 0x0000000086200000, 0x0000000086300000|  0%| F|  |TAMS 0x0000000086200000| PB 0x0000000086200000| Untracked |  0
|  69|0x0000000086300000, 0x0000000086300000, 0x0000000086400000|  0%| F|  |TAMS 0x0000000086300000| PB 0x0000000086300000| Untracked |  0
|  70|0x0000000086400000, 0x0000000086400000, 0x0000000086500000|  0%| F|  |TAMS 0x0000000086400000| PB 0x0000000086400000| Untracked |  0
|  71|0x0000000086500000, 0x0000000086500000, 0x0000000086600000|  0%| F|  |TAMS 0x0000000086500000| PB 0x0000000086500000| Untracked |  0
|  72|0x0000000086600000, 0x0000000086600000, 0x0000000086700000|  0%| F|  |TAMS 0x0000000086600000| PB 0x0000000086600000| Untracked |  0
|  73|0x0000000086700000, 0x0000000086700000, 0x0000000086800000|  0%| F|  |TAMS 0x0000000086700000| PB 0x0000000086700000| Untracked |  0
|  74|0x0000000086800000, 0x0000000086800000, 0x0000000086900000|  0%| F|  |TAMS 0x0000000086800000| PB 0x0000000086800000| Untracked |  0
|  75|0x0000000086900000, 0x0000000086900000, 0x0000000086a00000|  0%| F|  |TAMS 0x0000000086900000| PB 0x0000000086900000| Untracked |  0
|  76|0x0000000086a00000, 0x0000000086a00000, 0x0000000086b00000|  0%| F|  |TAMS 0x0000000086a00000| PB 0x0000000086a00000| Untracked |  0
|  77|0x0000000086b00000, 0x0000000086b00000, 0x0000000086c00000|  0%| F|  |TAMS 0x0000000086b00000| PB 0x0000000086b00000| Untracked |  0
|  78|0x0000000086c00000, 0x0000000086c00000, 0x0000000086d00000|  0%| F|  |TAMS 0x0000000086c00000| PB 0x0000000086c00000| Untracked |  0
|  79|0x0000000086d00000, 0x0000000086d00000, 0x0000000086e00000|  0%| F|  |TAMS 0x0000000086d00000| PB 0x0000000086d00000| Untracked |  0
|  80|0x0000000086e00000, 0x0000000086e00000, 0x0000000086f00000|  0%| F|  |TAMS 0x0000000086e00000| PB 0x0000000086e00000| Untracked |  0
|  81|0x0000000086f00000, 0x0000000086f00000, 0x0000000087000000|  0%| F|  |TAMS 0x0000000086f00000| PB 0x0000000086f00000| Untracked |  0
|  82|0x0000000087000000, 0x0000000087000000, 0x0000000087100000|  0%| F|  |TAMS 0x0000000087000000| PB 0x0000000087000000| Untracked |  0
|  83|0x0000000087100000, 0x0000000087100000, 0x0000000087200000|  0%| F|  |TAMS 0x0000000087100000| PB 0x0000000087100000| Untracked |  0
|  84|0x0000000087200000, 0x0000000087200000, 0x0000000087300000|  0%| F|  |TAMS 0x0000000087200000| PB 0x0000000087200000| Untracked |  0
|  85|0x0000000087300000, 0x0000000087300000, 0x0000000087400000|  0%| F|  |TAMS 0x0000000087300000| PB 0x0000000087300000| Untracked |  0
|  86|0x0000000087400000, 0x0000000087400000, 0x0000000087500000|  0%| F|  |TAMS 0x0000000087400000| PB 0x0000000087400000| Untracked |  0
|  87|0x0000000087500000, 0x0000000087500000, 0x0000000087600000|  0%| F|  |TAMS 0x0000000087500000| PB 0x0000000087500000| Untracked |  0
|  88|0x0000000087600000, 0x0000000087600000, 0x0000000087700000|  0%| F|  |TAMS 0x0000000087600000| PB 0x0000000087600000| Untracked |  0
|  89|0x0000000087700000, 0x0000000087700000, 0x0000000087800000|  0%| F|  |TAMS 0x0000000087700000| PB 0x0000000087700000| Untracked |  0
|  90|0x0000000087800000, 0x0000000087800000, 0x0000000087900000|  0%| F|  |TAMS 0x0000000087800000| PB 0x0000000087800000| Untracked |  0
|  91|0x0000000087900000, 0x0000000087900000, 0x0000000087a00000|  0%| F|  |TAMS 0x0000000087900000| PB 0x0000000087900000| Untracked |  0
|  92|0x0000000087a00000, 0x0000000087a00000, 0x0000000087b00000|  0%| F|  |TAMS 0x0000000087a00000| PB 0x0000000087a00000| Untracked |  0
|  93|0x0000000087b00000, 0x0000000087b00000, 0x0000000087c00000|  0%| F|  |TAMS 0x0000000087b00000| PB 0x0000000087b00000| Untracked |  0
|  94|0x0000000087c00000, 0x0000000087c00000, 0x0000000087d00000|  0%| F|  |TAMS 0x0000000087c00000| PB 0x0000000087c00000| Untracked |  0
|  95|0x0000000087d00000, 0x0000000087d00000, 0x0000000087e00000|  0%| F|  |TAMS 0x0000000087d00000| PB 0x0000000087d00000| Untracked |  0
|  96|0x0000000087e00000, 0x0000000087e00000, 0x0000000087f00000|  0%| F|  |TAMS 0x0000000087e00000| PB 0x0000000087e00000| Untracked |  0
|  97|0x0000000087f00000, 0x0000000087f00000, 0x0000000088000000|  0%| F|  |TAMS 0x0000000087f00000| PB 0x0000000087f00000| Untracked |  0
|  98|0x0000000088000000, 0x0000000088000000, 0x0000000088100000|  0%| F|  |TAMS 0x0000000088000000| PB 0x0000000088000000| Untracked |  0
|  99|0x0000000088100000, 0x0000000088100000, 0x0000000088200000|  0%| F|  |TAMS 0x0000000088100000| PB 0x0000000088100000| Untracked |  0
| 100|0x0000000088200000, 0x0000000088200000, 0x0000000088300000|  0%| F|  |TAMS 0x0000000088200000| PB 0x0000000088200000| Untracked |  0
| 101|0x0000000088300000, 0x0000000088300000, 0x0000000088400000|  0%| F|  |TAMS 0x0000000088300000| PB 0x0000000088300000| Untracked |  0
| 102|0x0000000088400000, 0x0000000088400000, 0x0000000088500000|  0%| F|  |TAMS 0x0000000088400000| PB 0x0000000088400000| Untracked |  0
| 103|0x0000000088500000, 0x0000000088500000, 0x0000000088600000|  0%| F|  |TAMS 0x0000000088500000| PB 0x0000000088500000| Untracked |  0
| 104|0x0000000088600000, 0x0000000088600000, 0x0000000088700000|  0%| F|  |TAMS 0x0000000088600000| PB 0x0000000088600000| Untracked |  0
| 105|0x0000000088700000, 0x0000000088700000, 0x0000000088800000|  0%| F|  |TAMS 0x0000000088700000| PB 0x0000000088700000| Untracked |  0
| 106|0x0000000088800000, 0x0000000088800000, 0x0000000088900000|  0%| F|  |TAMS 0x0000000088800000| PB 0x0000000088800000| Untracked |  0
| 107|0x0000000088900000, 0x0000000088900000, 0x0000000088a00000|  0%| F|  |TAMS 0x0000000088900000| PB 0x0000000088900000| Untracked |  0
| 108|0x0000000088a00000, 0x0000000088ad9018, 0x0000000088b00000| 84%| E|  |TAMS 0x0000000088a00000| PB 0x0000000088a00000| Complete |  0
| 109|0x0000000088b00000, 0x0000000088c00000, 0x0000000088c00000|100%| E|CS|TAMS 0x0000000088b00000| PB 0x0000000088b00000| Complete |  0
| 110|0x0000000088c00000, 0x0000000088d00000, 0x0000000088d00000|100%| E|CS|TAMS 0x0000000088c00000| PB 0x0000000088c00000| Complete |  0
| 111|0x0000000088d00000, 0x0000000088e00000, 0x0000000088e00000|100%| E|CS|TAMS 0x0000000088d00000| PB 0x0000000088d00000| Complete |  0
| 112|0x0000000088e00000, 0x0000000088f00000, 0x0000000088f00000|100%| E|CS|TAMS 0x0000000088e00000| PB 0x0000000088e00000| Complete |  0
| 120|0x0000000089600000, 0x0000000089700000, 0x0000000089700000|100%| E|CS|TAMS 0x0000000089600000| PB 0x0000000089600000| Complete |  0
| 121|0x0000000089700000, 0x0000000089800000, 0x0000000089800000|100%| E|CS|TAMS 0x0000000089700000| PB 0x0000000089700000| Complete |  0
| 122|0x0000000089800000, 0x0000000089900000, 0x0000000089900000|100%| E|CS|TAMS 0x0000000089800000| PB 0x0000000089800000| Complete |  0
| 123|0x0000000089900000, 0x0000000089a00000, 0x0000000089a00000|100%| E|CS|TAMS 0x0000000089900000| PB 0x0000000089900000| Complete |  0
| 124|0x0000000089a00000, 0x0000000089b00000, 0x0000000089b00000|100%| E|CS|TAMS 0x0000000089a00000| PB 0x0000000089a00000| Complete |  0
| 127|0x0000000089d00000, 0x0000000089e00000, 0x0000000089e00000|100%| E|CS|TAMS 0x0000000089d00000| PB 0x0000000089d00000| Complete |  0
| 128|0x0000000089e00000, 0x0000000089f00000, 0x0000000089f00000|100%|HS|  |TAMS 0x0000000089e00000| PB 0x0000000089e00000| Complete |  0
| 129|0x0000000089f00000, 0x000000008a000000, 0x000000008a000000|100%|HC|  |TAMS 0x0000000089f00000| PB 0x0000000089f00000| Complete |  0
| 130|0x000000008a000000, 0x000000008a100000, 0x000000008a100000|100%|HC|  |TAMS 0x000000008a000000| PB 0x000000008a000000| Complete |  0
| 131|0x000000008a100000, 0x000000008a200000, 0x000000008a200000|100%|HC|  |TAMS 0x000000008a100000| PB 0x000000008a100000| Complete |  0
| 132|0x000000008a200000, 0x000000008a300000, 0x000000008a300000|100%|HC|  |TAMS 0x000000008a200000| PB 0x000000008a200000| Complete |  0
| 133|0x000000008a300000, 0x000000008a400000, 0x000000008a400000|100%|HC|  |TAMS 0x000000008a300000| PB 0x000000008a300000| Complete |  0
| 134|0x000000008a400000, 0x000000008a500000, 0x000000008a500000|100%|HC|  |TAMS 0x000000008a400000| PB 0x000000008a400000| Complete |  0
| 135|0x000000008a500000, 0x000000008a600000, 0x000000008a600000|100%|HC|  |TAMS 0x000000008a500000| PB 0x000000008a500000| Complete |  0
| 136|0x000000008a600000, 0x000000008a700000, 0x000000008a700000|100%|HC|  |TAMS 0x000000008a600000| PB 0x000000008a600000| Complete |  0
| 137|0x000000008a700000, 0x000000008a800000, 0x000000008a800000|100%|HC|  |TAMS 0x000000008a700000| PB 0x000000008a700000| Complete |  0
| 138|0x000000008a800000, 0x000000008a900000, 0x000000008a900000|100%|HC|  |TAMS 0x000000008a800000| PB 0x000000008a800000| Complete |  0
| 139|0x000000008a900000, 0x000000008aa00000, 0x000000008aa00000|100%|HC|  |TAMS 0x000000008a900000| PB 0x000000008a900000| Complete |  0
| 140|0x000000008aa00000, 0x000000008ab00000, 0x000000008ab00000|100%|HC|  |TAMS 0x000000008aa00000| PB 0x000000008aa00000| Complete |  0
| 141|0x000000008ab00000, 0x000000008ac00000, 0x000000008ac00000|100%|HC|  |TAMS 0x000000008ab00000| PB 0x000000008ab00000| Complete |  0
| 142|0x000000008ac00000, 0x000000008ad00000, 0x000000008ad00000|100%|HC|  |TAMS 0x000000008ac00000| PB 0x000000008ac00000| Complete |  0
| 143|0x000000008ad00000, 0x000000008ae00000, 0x000000008ae00000|100%|HC|  |TAMS 0x000000008ad00000| PB 0x000000008ad00000| Complete |  0
| 144|0x000000008ae00000, 0x000000008af00000, 0x000000008af00000|100%|HC|  |TAMS 0x000000008ae00000| PB 0x000000008ae00000| Complete |  0
| 145|0x000000008af00000, 0x000000008b000000, 0x000000008b000000|100%|HC|  |TAMS 0x000000008af00000| PB 0x000000008af00000| Complete |  0
| 146|0x000000008b000000, 0x000000008b100000, 0x000000008b100000|100%|HC|  |TAMS 0x000000008b000000| PB 0x000000008b000000| Complete |  0
| 147|0x000000008b100000, 0x000000008b200000, 0x000000008b200000|100%|HC|  |TAMS 0x000000008b100000| PB 0x000000008b100000| Complete |  0
| 148|0x000000008b200000, 0x000000008b300000, 0x000000008b300000|100%|HC|  |TAMS 0x000000008b200000| PB 0x000000008b200000| Complete |  0
| 149|0x000000008b300000, 0x000000008b400000, 0x000000008b400000|100%|HC|  |TAMS 0x000000008b300000| PB 0x000000008b300000| Complete |  0
| 150|0x000000008b400000, 0x000000008b500000, 0x000000008b500000|100%|HC|  |TAMS 0x000000008b400000| PB 0x000000008b400000| Complete |  0
| 151|0x000000008b500000, 0x000000008b600000, 0x000000008b600000|100%|HC|  |TAMS 0x000000008b500000| PB 0x000000008b500000| Complete |  0
| 152|0x000000008b600000, 0x000000008b700000, 0x000000008b700000|100%|HC|  |TAMS 0x000000008b600000| PB 0x000000008b600000| Complete |  0
| 153|0x000000008b700000, 0x000000008b800000, 0x000000008b800000|100%|HC|  |TAMS 0x000000008b700000| PB 0x000000008b700000| Complete |  0
| 154|0x000000008b800000, 0x000000008b900000, 0x000000008b900000|100%|HC|  |TAMS 0x000000008b800000| PB 0x000000008b800000| Complete |  0
| 155|0x000000008b900000, 0x000000008ba00000, 0x000000008ba00000|100%|HC|  |TAMS 0x000000008b900000| PB 0x000000008b900000| Complete |  0
| 156|0x000000008ba00000, 0x000000008bb00000, 0x000000008bb00000|100%|HC|  |TAMS 0x000000008ba00000| PB 0x000000008ba00000| Complete |  0
| 157|0x000000008bb00000, 0x000000008bc00000, 0x000000008bc00000|100%|HC|  |TAMS 0x000000008bb00000| PB 0x000000008bb00000| Complete |  0
| 158|0x000000008bc00000, 0x000000008bd00000, 0x000000008bd00000|100%|HC|  |TAMS 0x000000008bc00000| PB 0x000000008bc00000| Complete |  0
| 159|0x000000008bd00000, 0x000000008be00000, 0x000000008be00000|100%|HC|  |TAMS 0x000000008bd00000| PB 0x000000008bd00000| Complete |  0
| 160|0x000000008be00000, 0x000000008bf00000, 0x000000008bf00000|100%|HC|  |TAMS 0x000000008be00000| PB 0x000000008be00000| Complete |  0
| 161|0x000000008bf00000, 0x000000008c000000, 0x000000008c000000|100%|HC|  |TAMS 0x000000008bf00000| PB 0x000000008bf00000| Complete |  0
| 162|0x000000008c000000, 0x000000008c100000, 0x000000008c100000|100%|HC|  |TAMS 0x000000008c000000| PB 0x000000008c000000| Complete |  0
| 163|0x000000008c100000, 0x000000008c200000, 0x000000008c200000|100%|HC|  |TAMS 0x000000008c100000| PB 0x000000008c100000| Complete |  0
| 164|0x000000008c200000, 0x000000008c300000, 0x000000008c300000|100%|HC|  |TAMS 0x000000008c200000| PB 0x000000008c200000| Complete |  0
| 165|0x000000008c300000, 0x000000008c400000, 0x000000008c400000|100%|HC|  |TAMS 0x000000008c300000| PB 0x000000008c300000| Complete |  0
| 166|0x000000008c400000, 0x000000008c500000, 0x000000008c500000|100%|HC|  |TAMS 0x000000008c400000| PB 0x000000008c400000| Complete |  0
| 167|0x000000008c500000, 0x000000008c600000, 0x000000008c600000|100%|HC|  |TAMS 0x000000008c500000| PB 0x000000008c500000| Complete |  0
| 168|0x000000008c600000, 0x000000008c700000, 0x000000008c700000|100%|HC|  |TAMS 0x000000008c600000| PB 0x000000008c600000| Complete |  0
| 169|0x000000008c700000, 0x000000008c800000, 0x000000008c800000|100%|HC|  |TAMS 0x000000008c700000| PB 0x000000008c700000| Complete |  0
| 170|0x000000008c800000, 0x000000008c900000, 0x000000008c900000|100%|HC|  |TAMS 0x000000008c800000| PB 0x000000008c800000| Complete |  0
| 171|0x000000008c900000, 0x000000008ca00000, 0x000000008ca00000|100%|HC|  |TAMS 0x000000008c900000| PB 0x000000008c900000| Complete |  0
| 172|0x000000008ca00000, 0x000000008cb00000, 0x000000008cb00000|100%|HC|  |TAMS 0x000000008ca00000| PB 0x000000008ca00000| Complete |  0
| 173|0x000000008cb00000, 0x000000008cc00000, 0x000000008cc00000|100%|HC|  |TAMS 0x000000008cb00000| PB 0x000000008cb00000| Complete |  0
| 174|0x000000008cc00000, 0x000000008cd00000, 0x000000008cd00000|100%|HC|  |TAMS 0x000000008cc00000| PB 0x000000008cc00000| Complete |  0
| 175|0x000000008cd00000, 0x000000008ce00000, 0x000000008ce00000|100%|HC|  |TAMS 0x000000008cd00000| PB 0x000000008cd00000| Complete |  0
| 176|0x000000008ce00000, 0x000000008cf00000, 0x000000008cf00000|100%|HC|  |TAMS 0x000000008ce00000| PB 0x000000008ce00000| Complete |  0
| 177|0x000000008cf00000, 0x000000008d000000, 0x000000008d000000|100%|HC|  |TAMS 0x000000008cf00000| PB 0x000000008cf00000| Complete |  0
| 178|0x000000008d000000, 0x000000008d100000, 0x000000008d100000|100%|HC|  |TAMS 0x000000008d000000| PB 0x000000008d000000| Complete |  0
| 179|0x000000008d100000, 0x000000008d200000, 0x000000008d200000|100%|HC|  |TAMS 0x000000008d100000| PB 0x000000008d100000| Complete |  0
|2015|0x00000000ffd00000, 0x00000000ffe00000, 0x00000000ffe00000|100%| O|  |TAMS 0x00000000ffd00000| PB 0x00000000ffd00000| Untracked |  0
|2016|0x00000000ffe00000, 0x00000000fff00000, 0x00000000fff00000|100%| O|  |TAMS 0x00000000ffe00000| PB 0x00000000ffe00000| Untracked |  0
|2017|0x00000000fff00000, 0x0000000100000000, 0x0000000100000000|100%| E|CS|TAMS 0x00000000fff00000| PB 0x00000000fff00000| Complete |  0

Card table byte_map: [0x000001789bb50000,0x000001789bf50000] _byte_map_base: 0x000001789b741000

Marking Bits: (CMBitMap*) 0x0000017883abd7a0
 Bits: [0x000001789bf50000, 0x000001789ded8000)

Polling page: 0x0000017881830000

Metaspace:

Usage:
  Non-class:     66.57 MB used.
      Class:      9.35 MB used.
       Both:     75.92 MB used.

Virtual space:
  Non-class space:      128.00 MB reserved,      66.94 MB ( 52%) committed,  2 nodes.
      Class space:        1.00 GB reserved,       9.62 MB ( <1%) committed,  1 nodes.
             Both:        1.12 GB reserved,      76.56 MB (  7%) committed. 

Chunk freelists:
   Non-Class:  12.98 MB
       Class:  6.42 MB
        Both:  19.41 MB

MaxMetaspaceSize: unlimited
CompressedClassSpaceSize: 1.00 GB
Initial GC threshold: 21.00 MB
Current GC threshold: 121.19 MB
CDS: on
 - commit_granule_bytes: 65536.
 - commit_granule_words: 8192.
 - virtual_space_node_default_size: 8388608.
 - enlarge_chunks_in_place: 1.
UseCompressedClassPointers 1, UseCompactObjectHeaders 0
Narrow klass pointer bits 32, Max shift 3
Narrow klass base: 0x00000178a1000000, Narrow klass shift: 0
Encoding Range: [0x00000178a1000000 - 0x00000179a1000000), (4294967296 bytes)
Klass Range:    [0x00000178a1000000 - 0x00000178e2000000), (1090519040 bytes)
Klass ID Range:  [8 - 1090519033) (1090519025)


Internal statistics:

num_allocs_failed_limit: 12.
num_arena_births: 780.
num_arena_deaths: 2.
num_vsnodes_births: 3.
num_vsnodes_deaths: 0.
num_space_committed: 1225.
num_space_uncommitted: 0.
num_chunks_returned_to_freelist: 14.
num_chunks_taken_from_freelist: 3567.
num_chunk_merges: 12.
num_chunk_splits: 2619.
num_chunks_enlarged: 2172.
num_inconsistent_stats: 0.

CodeHeap 'non-profiled nmethods': size=120064Kb used=5891Kb max_used=5891Kb free=114173Kb
 bounds [0x0000017893dc0000, 0x0000017894390000, 0x000001789b300000]
CodeHeap 'profiled nmethods': size=120000Kb used=18510Kb max_used=18510Kb free=101489Kb
 bounds [0x000001788c300000, 0x000001788d520000, 0x0000017893830000]
CodeHeap 'non-nmethods': size=5696Kb used=1901Kb max_used=1974Kb free=3794Kb
 bounds [0x0000017893830000, 0x0000017893aa0000, 0x0000017893dc0000]
CodeCache: size=245760Kb, used=26302Kb, max_used=26375Kb, free=219456Kb
 total_blobs=12228, nmethods=11171, adapters=960, full_count=0
Compilation: enabled, stopped_count=0, restarted_count=0

Compilation events (20 events):
Event: 96.074 Thread 0x00000178a0940990 12370       3       java.util.LinkedList::unlink (91 bytes)
Event: 96.074 Thread 0x00000178a093ad50 12371       4       org.springframework.beans.factory.support.AbstractBeanFactory::isFactoryBean (71 bytes)
Event: 96.074 Thread 0x00000178a0940990 nmethod 12370 0x000001788d50f608 code [0x000001788d50f740, 0x000001788d50fb00]
Event: 96.076 Thread 0x00000178a0940990 12374   !   3       java.util.concurrent.ConcurrentHashMap::clear (176 bytes)
Event: 96.077 Thread 0x00000178a0940990 nmethod 12374 0x000001788d50fb88 code [0x000001788d50fd40, 0x000001788d510770]
Event: 96.077 Thread 0x00000178a0940990 12375       3       java.util.concurrent.ConcurrentHashMap::entrySet (25 bytes)
Event: 96.077 Thread 0x00000178a0940990 nmethod 12375 0x000001788d510788 code [0x000001788d5108c0, 0x000001788d510c48]
Event: 96.077 Thread 0x00000178a0940990 12377       3       ch.qos.logback.core.pattern.FormattingConverter::write (154 bytes)
Event: 96.079 Thread 0x00000178a0940990 nmethod 12377 0x000001788d510c88 code [0x000001788d510f60, 0x000001788d5127d8]
Event: 96.079 Thread 0x00000178a0940990 12376       3       java.util.concurrent.ConcurrentHashMap$EntrySetView::iterator (34 bytes)
Event: 96.079 Thread 0x00000178a0940990 nmethod 12376 0x000001788d512888 code [0x000001788d5129c0, 0x000001788d512bd8]
Event: 96.079 Thread 0x00000178a0940990 12378       3       java.io.BufferedOutputStream::flushBuffer (29 bytes)
Event: 96.079 Thread 0x00000178a0940990 nmethod 12378 0x000001788d512c08 code [0x000001788d512d20, 0x000001788d512f48]
Event: 96.079 Thread 0x00000178a0940990 12379       1       org.hibernate.service.spi.ServiceBinding::getLifecycleOwner (5 bytes)
Event: 96.079 Thread 0x00000178a0940990 nmethod 12379 0x0000017894380908 code [0x0000017894380a00, 0x0000017894380ac8]
Event: 96.082 Thread 0x00000178a0940990 12381       3       java.lang.StringLatin1::getChars (157 bytes)
Event: 96.082 Thread 0x00000178a0940990 nmethod 12381 0x000001788d512f88 code [0x000001788d513100, 0x000001788d513620]
Event: 96.085 Thread 0x00000178a0940990 12382       3       org.postgresql.core.PGStream::isClosed (8 bytes)
Event: 96.085 Thread 0x00000178a0940990 nmethod 12382 0x000001788d513688 code [0x000001788d5137a0, 0x000001788d513a40]
Event: 96.096 Thread 0x00000178a0940990 12383       3       ch.qos.logback.classic.Logger::recursiveReset (58 bytes)

GC Heap History (20 events):
Event: 6.293 GC heap before
{Heap before GC invocations=10 (full 0):
 garbage-first heap   total reserved 2066432K, committed 69632K, used 58740K [0x0000000081e00000, 0x0000000100000000)
  region size 1024K, 38 young (38912K), 5 survivors (5120K)
 Metaspace       used 57392K, committed 57920K, reserved 1114112K
  class space    used 6136K, committed 6400K, reserved 1048576K
}
Event: 6.298 GC heap after
{Heap after GC invocations=11 (full 0):
 garbage-first heap   total reserved 2066432K, committed 69632K, used 26943K [0x0000000081e00000, 0x0000000100000000)
  region size 1024K, 5 young (5120K), 5 survivors (5120K)
 Metaspace       used 57392K, committed 57920K, reserved 1114112K
  class space    used 6136K, committed 6400K, reserved 1048576K
}
Event: 6.659 GC heap before
{Heap before GC invocations=11 (full 0):
 garbage-first heap   total reserved 2066432K, committed 69632K, used 55615K [0x0000000081e00000, 0x0000000100000000)
  region size 1024K, 34 young (34816K), 5 survivors (5120K)
 Metaspace       used 60313K, committed 60800K, reserved 1114112K
  class space    used 6625K, committed 6848K, reserved 1048576K
}
Event: 6.664 GC heap after
{Heap after GC invocations=12 (full 0):
 garbage-first heap   total reserved 2066432K, committed 69632K, used 28883K [0x0000000081e00000, 0x0000000100000000)
  region size 1024K, 4 young (4096K), 4 survivors (4096K)
 Metaspace       used 60313K, committed 60800K, reserved 1114112K
  class space    used 6625K, committed 6848K, reserved 1048576K
}
Event: 6.859 GC heap before
{Heap before GC invocations=13 (full 0):
 garbage-first heap   total reserved 2066432K, committed 69632K, used 60627K [0x0000000081e00000, 0x0000000100000000)
  region size 1024K, 35 young (35840K), 4 survivors (4096K)
 Metaspace       used 61215K, committed 61696K, reserved 1114112K
  class space    used 6954K, committed 7168K, reserved 1048576K
}
Event: 6.863 GC heap after
{Heap after GC invocations=14 (full 0):
 garbage-first heap   total reserved 2066432K, committed 69632K, used 29818K [0x0000000081e00000, 0x0000000100000000)
  region size 1024K, 3 young (3072K), 3 survivors (3072K)
 Metaspace       used 61215K, committed 61696K, reserved 1114112K
  class space    used 6954K, committed 7168K, reserved 1048576K
}
Event: 7.153 GC heap before
{Heap before GC invocations=14 (full 0):
 garbage-first heap   total reserved 2066432K, committed 69632K, used 60538K [0x0000000081e00000, 0x0000000100000000)
  region size 1024K, 34 young (34816K), 3 survivors (3072K)
 Metaspace       used 62977K, committed 63552K, reserved 1114112K
  class space    used 7246K, committed 7488K, reserved 1048576K
}
Event: 7.163 GC heap after
{Heap after GC invocations=15 (full 0):
 garbage-first heap   total reserved 2066432K, committed 69632K, used 32483K [0x0000000081e00000, 0x0000000100000000)
  region size 1024K, 4 young (4096K), 4 survivors (4096K)
 Metaspace       used 62977K, committed 63552K, reserved 1114112K
  class space    used 7246K, committed 7488K, reserved 1048576K
}
Event: 7.259 GC heap before
{Heap before GC invocations=15 (full 0):
 garbage-first heap   total reserved 2066432K, committed 69632K, used 41699K [0x0000000081e00000, 0x0000000100000000)
  region size 1024K, 14 young (14336K), 4 survivors (4096K)
 Metaspace       used 64261K, committed 64832K, reserved 1114112K
  class space    used 7507K, committed 7744K, reserved 1048576K
}
Event: 7.262 GC heap after
{Heap after GC invocations=16 (full 0):
 garbage-first heap   total reserved 2066432K, committed 69632K, used 32083K [0x0000000081e00000, 0x0000000100000000)
  region size 1024K, 1 young (1024K), 1 survivors (1024K)
 Metaspace       used 64261K, committed 64832K, reserved 1114112K
  class space    used 7507K, committed 7744K, reserved 1048576K
}
Event: 10.397 GC heap before
{Heap before GC invocations=17 (full 0):
 garbage-first heap   total reserved 2066432K, committed 119808K, used 119123K [0x0000000081e00000, 0x0000000100000000)
  region size 1024K, 28 young (28672K), 1 survivors (1024K)
 Metaspace       used 71230K, committed 71808K, reserved 1114112K
  class space    used 8787K, committed 9024K, reserved 1048576K
}
Event: 10.401 GC heap after
{Heap after GC invocations=18 (full 0):
 garbage-first heap   total reserved 2066432K, committed 123904K, used 94477K [0x0000000081e00000, 0x0000000100000000)
  region size 1024K, 4 young (4096K), 4 survivors (4096K)
 Metaspace       used 71230K, committed 71808K, reserved 1114112K
  class space    used 8787K, committed 9024K, reserved 1048576K
}
Event: 11.188 GC heap before
{Heap before GC invocations=18 (full 0):
 garbage-first heap   total reserved 2066432K, committed 177152K, used 169229K [0x0000000081e00000, 0x0000000100000000)
  region size 1024K, 18 young (18432K), 4 survivors (4096K)
 Metaspace       used 72513K, committed 73088K, reserved 1114112K
  class space    used 9002K, committed 9216K, reserved 1048576K
}
Event: 11.194 GC heap after
{Heap after GC invocations=19 (full 0):
 garbage-first heap   total reserved 2066432K, committed 178176K, used 156598K [0x0000000081e00000, 0x0000000100000000)
  region size 1024K, 3 young (3072K), 3 survivors (3072K)
 Metaspace       used 72513K, committed 73088K, reserved 1114112K
  class space    used 9002K, committed 9216K, reserved 1048576K
}
Event: 29.632 GC heap before
{Heap before GC invocations=19 (full 0):
 garbage-first heap   total reserved 2066432K, committed 178176K, used 162742K [0x0000000081e00000, 0x0000000100000000)
  region size 1024K, 10 young (10240K), 3 survivors (3072K)
 Metaspace       used 73864K, committed 74432K, reserved 1114112K
  class space    used 9069K, committed 9344K, reserved 1048576K
}
Event: 29.636 GC heap after
{Heap after GC invocations=20 (full 0):
 garbage-first heap   total reserved 2066432K, committed 178176K, used 157506K [0x0000000081e00000, 0x0000000100000000)
  region size 1024K, 1 young (1024K), 1 survivors (1024K)
 Metaspace       used 73864K, committed 74432K, reserved 1114112K
  class space    used 9069K, committed 9344K, reserved 1048576K
}
Event: 44.625 GC heap before
{Heap before GC invocations=21 (full 0):
 garbage-first heap   total reserved 2066432K, committed 178176K, used 109378K [0x0000000081e00000, 0x0000000100000000)
  region size 1024K, 10 young (10240K), 1 survivors (1024K)
 Metaspace       used 74284K, committed 74880K, reserved 1179648K
  class space    used 9086K, committed 9344K, reserved 1048576K
}
Event: 44.627 GC heap after
{Heap after GC invocations=22 (full 0):
 garbage-first heap   total reserved 2066432K, committed 178176K, used 100667K [0x0000000081e00000, 0x0000000100000000)
  region size 1024K, 2 young (2048K), 2 survivors (2048K)
 Metaspace       used 74284K, committed 74880K, reserved 1179648K
  class space    used 9086K, committed 9344K, reserved 1048576K
}
Event: 71.217 GC heap before
{Heap before GC invocations=22 (full 0):
 garbage-first heap   total reserved 2066432K, committed 178176K, used 155963K [0x0000000081e00000, 0x0000000100000000)
  region size 1024K, 57 young (58368K), 2 survivors (2048K)
 Metaspace       used 77234K, committed 77824K, reserved 1179648K
  class space    used 9524K, committed 9792K, reserved 1048576K
}
Event: 71.228 GC heap after
{Heap after GC invocations=23 (full 0):
 garbage-first heap   total reserved 2066432K, committed 178176K, used 104313K [0x0000000081e00000, 0x0000000100000000)
  region size 1024K, 6 young (6144K), 6 survivors (6144K)
 Metaspace       used 77234K, committed 77824K, reserved 1179648K
  class space    used 9524K, committed 9792K, reserved 1048576K
}

Dll operation events (20 events):
Event: 0.562 Loaded shared library C:\Users\User\.openjfx\cache\21+31\amd64\api-ms-win-crt-private-l1-1-0.dll
Event: 0.565 Loaded shared library C:\Users\User\.openjfx\cache\21+31\amd64\api-ms-win-crt-process-l1-1-0.dll
Event: 0.569 Loaded shared library C:\Users\User\.openjfx\cache\21+31\amd64\api-ms-win-crt-runtime-l1-1-0.dll
Event: 0.572 Loaded shared library C:\Users\User\.openjfx\cache\21+31\amd64\api-ms-win-crt-stdio-l1-1-0.dll
Event: 0.575 Loaded shared library C:\Users\User\.openjfx\cache\21+31\amd64\api-ms-win-crt-string-l1-1-0.dll
Event: 0.579 Loaded shared library C:\Users\User\.openjfx\cache\21+31\amd64\api-ms-win-crt-time-l1-1-0.dll
Event: 0.582 Loaded shared library C:\Users\User\.openjfx\cache\21+31\amd64\api-ms-win-crt-utility-l1-1-0.dll
Event: 0.598 Loaded shared library C:\Users\User\.openjfx\cache\21+31\amd64\ucrtbase.dll
Event: 0.602 Loaded shared library C:\Users\User\.openjfx\cache\21+31\amd64\vcruntime140.dll
Event: 0.605 Loaded shared library C:\Users\User\.openjfx\cache\21+31\amd64\vcruntime140_1.dll
Event: 0.615 Loaded shared library C:\Users\User\.openjfx\cache\21+31\amd64\msvcp140.dll
Event: 0.619 Loaded shared library C:\Users\User\.openjfx\cache\21+31\amd64\msvcp140_1.dll
Event: 0.631 Loaded shared library C:\Users\User\.openjfx\cache\21+31\amd64\msvcp140_2.dll
Event: 0.676 Loaded shared library C:\Users\User\.openjfx\cache\21+31\amd64\prism_d3d.dll
Event: 0.719 Loaded shared library C:\Users\User\.openjfx\cache\21+31\amd64\glass.dll
Event: 0.816 Loaded shared library C:\Program Files\Java\jdk-24\bin\verify.dll
Event: 3.687 Loaded shared library C:\Program Files\Java\jdk-24\bin\management.dll
Event: 3.689 Loaded shared library C:\Program Files\Java\jdk-24\bin\management_ext.dll
Event: 7.354 Loaded shared library C:\Users\User\.openjfx\cache\21+31\amd64\javafx_font.dll
Event: 7.497 Loaded shared library C:\Users\User\.openjfx\cache\21+31\amd64\javafx_iio.dll

Deoptimization events (20 events):
Event: 73.428 Thread 0x00000178e6baced0 Uncommon trap: trap_request=0xfffffff4 fr.pc=0x00000178942f8aec relative=0x00000000000007cc
Event: 73.428 Thread 0x00000178e6baced0 Uncommon trap: reason=null_check action=make_not_entrant pc=0x00000178942f8aec method=javafx.scene.Node$MiscProperties.getClip()Ljavafx/scene/Node; @ 20 c2
Event: 73.428 Thread 0x00000178e6baced0 DEOPT PACKING pc=0x00000178942f8aec sp=0x00000059765fd920
Event: 73.428 Thread 0x00000178e6baced0 DEOPT UNPACKING pc=0x0000017893946b82 sp=0x00000059765fd7f0 mode 2
Event: 82.619 Thread 0x00000178e6baced0 Uncommon trap: trap_request=0xffffffbe fr.pc=0x000001789436eda8 relative=0x0000000000001b88
Event: 82.619 Thread 0x00000178e6baced0 Uncommon trap: reason=profile_predicate action=maybe_recompile pc=0x000001789436eda8 method=javafx.scene.Scene$MouseHandler.handleEnterExit(Ljavafx/scene/input/MouseEvent;Ljavafx/scene/Scene$TargetWrapper;)V @ 94 c2
Event: 82.619 Thread 0x00000178e6baced0 DEOPT PACKING pc=0x000001789436eda8 sp=0x00000059765fc4f0
Event: 82.619 Thread 0x00000178e6baced0 DEOPT UNPACKING pc=0x0000017893946b82 sp=0x00000059765fc488 mode 2
Event: 83.267 Thread 0x00000178e6baced0 Uncommon trap: trap_request=0xffffff6e fr.pc=0x000001789436ee3c relative=0x0000000000001c1c
Event: 83.267 Thread 0x00000178e6baced0 Uncommon trap: reason=loop_limit_check action=maybe_recompile pc=0x000001789436ee3c method=javafx.scene.Scene$MouseHandler.handleEnterExit(Ljavafx/scene/input/MouseEvent;Ljavafx/scene/Scene$TargetWrapper;)V @ 228 c2
Event: 83.267 Thread 0x00000178e6baced0 DEOPT PACKING pc=0x000001789436ee3c sp=0x00000059765fc6d0
Event: 83.267 Thread 0x00000178e6baced0 DEOPT UNPACKING pc=0x0000017893946b82 sp=0x00000059765fc668 mode 2
Event: 96.073 Thread 0x00000178e62b85e0 Uncommon trap: trap_request=0xffffff4d fr.pc=0x000001789420b7b4 relative=0x0000000000000214
Event: 96.073 Thread 0x00000178e62b85e0 Uncommon trap: reason=unstable_if action=reinterpret pc=0x000001789420b7b4 method=java.util.ArrayList.remove(Ljava/lang/Object;)Z @ 14 c2
Event: 96.073 Thread 0x00000178e62b85e0 DEOPT PACKING pc=0x000001789420b7b4 sp=0x0000005974cfea90
Event: 96.073 Thread 0x00000178e62b85e0 DEOPT UNPACKING pc=0x0000017893946b82 sp=0x0000005974cfea68 mode 2
Event: 96.083 Thread 0x00000178ec157480 Uncommon trap: trap_request=0xffffff4d fr.pc=0x0000017894367c54 relative=0x0000000000000054
Event: 96.083 Thread 0x00000178ec157480 Uncommon trap: reason=unstable_if action=reinterpret pc=0x0000017894367c54 method=java.lang.Thread.getAndClearInterrupt()Z @ 6 c2
Event: 96.083 Thread 0x00000178ec157480 DEOPT PACKING pc=0x0000017894367c54 sp=0x00000059775ff3c0
Event: 96.083 Thread 0x00000178ec157480 DEOPT UNPACKING pc=0x0000017893946b82 sp=0x00000059775ff2f8 mode 2

Classes loaded (20 events):
Event: 11.332 Loading class java/lang/FdLibm$Acos
Event: 11.333 Loading class java/lang/FdLibm$Acos done
Event: 59.953 Loading class java/util/BitSet$1BitSetSpliterator
Event: 59.954 Loading class java/util/BitSet$1BitSetSpliterator done
Event: 59.955 Loading class java/util/stream/IntPipeline$1
Event: 59.955 Loading class java/util/stream/IntPipeline$1 done
Event: 59.955 Loading class java/util/stream/IntPipeline$1$1
Event: 59.955 Loading class java/util/stream/IntPipeline$1$1 done
Event: 63.639 Loading class java/lang/FdLibm$Cbrt
Event: 63.639 Loading class java/lang/FdLibm$Cbrt done
Event: 74.212 Loading class java/util/PriorityQueue
Event: 74.212 Loading class java/util/PriorityQueue done
Event: 74.214 Loading class jdk/internal/math/FormattedFPDecimal
Event: 74.214 Loading class jdk/internal/math/FormattedFPDecimal done
Event: 96.070 Loading class jdk/internal/misc/Signal$1
Event: 96.070 Loading class jdk/internal/misc/Signal$1 done
Event: 96.078 Loading class java/util/AbstractMap$2
Event: 96.079 Loading class java/util/AbstractMap$2 done
Event: 96.079 Loading class java/util/AbstractMap$ValueIterator
Event: 96.080 Loading class java/util/AbstractMap$ValueIterator done

Classes unloaded (1 events):
Event: 2.701 Thread 0x00000178a0917b60 Unloading class 0x00000178a2004400 'java/lang/invoke/LambdaForm$DMH+0x00000178a2004400'

Classes redefined (0 events):
No events

Internal exceptions (20 events):
Event: 29.629 Thread 0x00000178e6baced0 Implicit null exception at 0x000001789417c9b6 to 0x000001789417d0ec
Event: 29.629 Thread 0x00000178e6baced0 Implicit null exception at 0x000001789417de6f to 0x000001789417ee14
Event: 39.504 Thread 0x00000178e6baced0 Implicit null exception at 0x0000017894171b4e to 0x0000017894171bc8
Event: 39.504 Thread 0x00000178e6baced0 Implicit null exception at 0x000001789419f438 to 0x000001789419f488
Event: 56.305 Thread 0x00000178e6b3da20 Implicit null exception at 0x00000178941d984e to 0x00000178941d98bc
Event: 58.414 Thread 0x00000178e6baced0 Exception <a 'java/lang/NoSuchMethodError'{0x0000000088910a90}: 'java.lang.Object java.lang.invoke.DirectMethodHandle$Holder.invokeInterface(java.lang.Object, java.lang.Object, java.lang.Object, java.lang.Object, java.lang.Object)'> (0x0000000088910a90) 
thrown [s\open\src\hotspot\share\interpreter\linkResolver.cpp, line 805]
Event: 58.456 Thread 0x00000178e6baced0 Exception <a 'java/lang/NoSuchMethodError'{0x00000000888b3618}: 'java.lang.Object java.lang.invoke.Invokers$Holder.linkToTargetMethod(java.lang.Object, int, java.lang.Object, java.lang.Object, java.lang.Object, java.lang.Object)'> (0x00000000888b3618) 
thrown [s\open\src\hotspot\share\interpreter\linkResolver.cpp, line 805]
Event: 58.457 Thread 0x00000178e6baced0 Exception <a 'java/lang/NoSuchMethodError'{0x00000000888cd2b8}: 'int java.lang.invoke.DirectMethodHandle$Holder.invokeStatic(java.lang.Object, java.lang.Object, int, java.lang.Object)'> (0x00000000888cd2b8) 
thrown [s\open\src\hotspot\share\interpreter\linkResolver.cpp, line 805]
Event: 60.060 Thread 0x00000178e6baced0 Exception <a 'java/lang/NoSuchMethodError'{0x0000000087921780}: 'void java.lang.invoke.DirectMethodHandle$Holder.invokeSpecial(java.lang.Object, java.lang.Object, int, int)'> (0x0000000087921780) 
thrown [s\open\src\hotspot\share\interpreter\linkResolver.cpp, line 805]
Event: 60.062 Thread 0x00000178e6baced0 Exception <a 'java/lang/NoSuchMethodError'{0x0000000087930cb0}: 'java.lang.Object java.lang.invoke.DirectMethodHandle$Holder.newInvokeSpecial(java.lang.Object, java.lang.Object, int, int)'> (0x0000000087930cb0) 
thrown [s\open\src\hotspot\share\interpreter\linkResolver.cpp, line 805]
Event: 63.556 Thread 0x00000178e6baced0 Implicit null exception at 0x000001789428f5f8 to 0x000001789428fc7c
Event: 63.864 Thread 0x00000178e6baced0 Implicit null exception at 0x00000178942a6b87 to 0x00000178942a6f30
Event: 70.545 Thread 0x00000178e6baced0 Implicit null exception at 0x0000017893ec73ed to 0x0000017893ec7858
Event: 70.545 Thread 0x00000178e6baced0 Implicit null exception at 0x00000178942fd4ec to 0x00000178942fdcf0
Event: 70.553 Thread 0x00000178e6baced0 Implicit null exception at 0x0000017894177aa9 to 0x0000017894177b14
Event: 73.419 Thread 0x00000178e6baced0 Implicit null exception at 0x00000178942f6e8e to 0x00000178942f7c00
Event: 73.428 Thread 0x00000178e6baced0 Implicit null exception at 0x00000178942f85ad to 0x00000178942f8ad4
Event: 74.181 Thread 0x00000178e6baced0 Exception <a 'java/lang/NoSuchMethodError'{0x0000000089afd5e8}: 'java.lang.Object java.lang.invoke.DirectMethodHandle$Holder.invokeVirtual(java.lang.Object, java.lang.Object, java.lang.Object, java.lang.Object, java.lang.Object, java.lang.Object)'> (0x0000000089afd5e8) 
thrown [s\open\src\hotspot\share\interpreter\linkResolver.cpp, line 805]
Event: 74.191 Thread 0x00000178e6baced0 Exception <a 'java/lang/NoSuchMethodError'{0x00000000898241e8}: 'int java.lang.invoke.DirectMethodHandle$Holder.invokeStatic(java.lang.Object, java.lang.Object, int, int)'> (0x00000000898241e8) 
thrown [s\open\src\hotspot\share\interpreter\linkResolver.cpp, line 805]
Event: 74.213 Thread 0x00000178e6baced0 Exception <a 'java/lang/NoSuchMethodError'{0x00000000898be440}: 'double java.lang.invoke.DirectMethodHandle$Holder.invokeStatic(java.lang.Object, java.lang.Object)'> (0x00000000898be440) 
thrown [s\open\src\hotspot\share\interpreter\linkResolver.cpp, line 805]

VM Operations (20 events):
Event: 60.182 Executing VM operation: HandshakeAllThreads (HandshakeForDeflation) done
Event: 60.182 Executing VM operation: RendezvousGCThreads
Event: 60.182 Executing VM operation: RendezvousGCThreads done
Event: 61.864 Executing VM operation: HandshakeAllThreads (Deoptimize)
Event: 61.864 Executing VM operation: HandshakeAllThreads (Deoptimize) done
Event: 63.583 Executing VM operation: HandshakeAllThreads (Deoptimize)
Event: 63.583 Executing VM operation: HandshakeAllThreads (Deoptimize) done
Event: 63.595 Executing VM operation: HandshakeAllThreads (Deoptimize)
Event: 63.595 Executing VM operation: HandshakeAllThreads (Deoptimize) done
Event: 63.639 Executing VM operation: HandshakeAllThreads (Deoptimize)
Event: 63.639 Executing VM operation: HandshakeAllThreads (Deoptimize) done
Event: 65.243 Executing VM operation: HandshakeAllThreads (Deoptimize)
Event: 65.243 Executing VM operation: HandshakeAllThreads (Deoptimize) done
Event: 71.217 Executing VM operation: G1CollectForAllocation (G1 Evacuation Pause)
Event: 71.228 Executing VM operation: G1CollectForAllocation (G1 Evacuation Pause) done
Event: 74.201 Executing VM operation: HandshakeAllThreads (Deoptimize)
Event: 74.201 Executing VM operation: HandshakeAllThreads (Deoptimize) done
Event: 74.203 Executing VM operation: HandshakeAllThreads (Deoptimize)
Event: 74.203 Executing VM operation: HandshakeAllThreads (Deoptimize) done
Event: 96.097 Executing VM operation: Exit

Memory protections (0 events):
No events

Nmethod flushes (20 events):
Event: 29.678 Thread 0x00000178a0917b60 flushing  nmethod 0x000001788cc8ce88
Event: 29.678 Thread 0x00000178a0917b60 flushing  nmethod 0x000001788cc8d988
Event: 29.678 Thread 0x00000178a0917b60 flushing  nmethod 0x000001788cc8e508
Event: 29.678 Thread 0x00000178a0917b60 flushing  nmethod 0x000001788c3c0708
Event: 29.678 Thread 0x00000178a0917b60 flushing  nmethod 0x000001788c599b88
Event: 29.678 Thread 0x00000178a0917b60 flushing  nmethod 0x000001788c5c2b08
Event: 29.678 Thread 0x00000178a0917b60 flushing  nmethod 0x000001788c691808
Event: 29.678 Thread 0x00000178a0917b60 flushing  nmethod 0x000001788c693b08
Event: 29.678 Thread 0x00000178a0917b60 flushing  nmethod 0x000001788c70bc08
Event: 29.678 Thread 0x00000178a0917b60 flushing  nmethod 0x000001788c743688
Event: 29.678 Thread 0x00000178a0917b60 flushing  nmethod 0x000001788c7b9c88
Event: 29.678 Thread 0x00000178a0917b60 flushing  nmethod 0x000001788c828f88
Event: 29.678 Thread 0x00000178a0917b60 flushing  nmethod 0x000001788c925488
Event: 29.678 Thread 0x00000178a0917b60 flushing  nmethod 0x000001788c972708
Event: 29.678 Thread 0x00000178a0917b60 flushing  nmethod 0x000001788cc34c08
Event: 29.678 Thread 0x00000178a0917b60 flushing  nmethod 0x000001788ccb6b08
Event: 29.678 Thread 0x00000178a0917b60 flushing  nmethod 0x000001788ccb7b08
Event: 29.678 Thread 0x00000178a0917b60 flushing  nmethod 0x000001788ccb8208
Event: 29.678 Thread 0x00000178a0917b60 flushing  nmethod 0x000001788ccba188
Event: 29.678 Thread 0x00000178a0917b60 flushing  nmethod 0x000001788ccba488

Events (20 events):
Event: 65.904 Thread 0x00000178e67e3050 Thread exited: 0x00000178e67e3050
Event: 66.208 Thread 0x00000178a0940990 Thread added: 0x00000178e67e3050
Event: 66.912 Thread 0x00000178e67e3050 Thread exited: 0x00000178e67e3050
Event: 68.549 Thread 0x00000178a0940990 Thread added: 0x00000178e67e5620
Event: 69.217 Thread 0x00000178e67e5620 Thread exited: 0x00000178e67e5620
Event: 72.563 Thread 0x00000178a0940990 Thread added: 0x00000178a093f2e0
Event: 72.780 Thread 0x00000178a093f2e0 Thread exited: 0x00000178a093f2e0
Event: 96.070 Thread 0x00000178a092ff20 Thread added: 0x00000178e62b7e90
Event: 96.071 Thread 0x00000178e62b7e90 Thread added: 0x00000178e62b85e0
Event: 96.071 Thread 0x00000178e62b7e90 Thread added: 0x00000178e62ba320
Event: 96.071 Thread 0x00000178e62b7e90 Thread added: 0x00000178e62b9480
Event: 96.071 Thread 0x00000178e62b7e90 Thread added: 0x00000178e62b8d30
Event: 96.072 Thread 0x00000178e62b8d30 Thread exited: 0x00000178e62b8d30
Event: 96.073 Thread 0x00000178e62b9480 Thread exited: 0x00000178e62b9480
Event: 96.076 Thread 0x00000178e62ba320 Thread exited: 0x00000178e62ba320
Event: 96.083 Thread 0x00000178e62b85e0 Thread added: 0x00000178e62b8d30
Event: 96.083 Thread 0x00000178ec157480 Thread exited: 0x00000178ec157480
Event: 96.094 Thread 0x00000178e62b8d30 Thread exited: 0x00000178e62b8d30
Event: 96.097 Thread 0x00000178e62b85e0 Thread exited: 0x00000178e62b85e0
Event: 96.097 Thread 0x00000178e62b7e90 Before exit entered


Dynamic libraries:
0x00007ff6c0050000 - 0x00007ff6c0060000 	C:\Program Files\Java\jdk-24\bin\java.exe
0x00007ff890b40000 - 0x00007ff890da7000 	C:\WINDOWS\SYSTEM32\ntdll.dll
0x00007ff88f610000 - 0x00007ff88f6d9000 	C:\WINDOWS\System32\KERNEL32.DLL
0x00007ff88e420000 - 0x00007ff88e80f000 	C:\WINDOWS\System32\KERNELBASE.dll
0x00007ff88e2d0000 - 0x00007ff88e41b000 	C:\WINDOWS\System32\ucrtbase.dll
0x00007ff88abd0000 - 0x00007ff88abe6000 	C:\Program Files\Java\jdk-24\bin\jli.dll
0x00007ff888e00000 - 0x00007ff888e1b000 	C:\Program Files\Java\jdk-24\bin\VCRUNTIME140.dll
0x00007ff8908a0000 - 0x00007ff890a65000 	C:\WINDOWS\System32\USER32.dll
0x00007ff87d500000 - 0x00007ff87d793000 	C:\WINDOWS\WinSxS\amd64_microsoft.windows.common-controls_6595b64144ccf1df_6.0.26100.7309_none_3e05feeae336a044\COMCTL32.dll
0x00007ff88dc90000 - 0x00007ff88dcb7000 	C:\WINDOWS\System32\win32u.dll
0x00007ff8904f0000 - 0x00007ff890599000 	C:\WINDOWS\System32\msvcrt.dll
0x00007ff88fc20000 - 0x00007ff88fc4b000 	C:\WINDOWS\System32\GDI32.dll
0x00007ff88e1a0000 - 0x00007ff88e2cc000 	C:\WINDOWS\System32\gdi32full.dll
0x00007ff88dd50000 - 0x00007ff88ddf3000 	C:\WINDOWS\System32\msvcp_win.dll
0x00007ff8902d0000 - 0x00007ff890301000 	C:\WINDOWS\System32\IMM32.DLL
0x00007ff888df0000 - 0x00007ff888dfc000 	C:\Program Files\Java\jdk-24\bin\vcruntime140_1.dll
0x00007ff86a130000 - 0x00007ff86a1be000 	C:\Program Files\Java\jdk-24\bin\msvcp140.dll
0x00007ff823f60000 - 0x00007ff824d01000 	C:\Program Files\Java\jdk-24\bin\server\jvm.dll
0x00007ff88f480000 - 0x00007ff88f534000 	C:\WINDOWS\System32\ADVAPI32.dll
0x00007ff88ea90000 - 0x00007ff88eb36000 	C:\WINDOWS\System32\sechost.dll
0x00007ff88e8f0000 - 0x00007ff88ea08000 	C:\WINDOWS\System32\RPCRT4.dll
0x00007ff88ea10000 - 0x00007ff88ea84000 	C:\WINDOWS\System32\WS2_32.dll
0x00007ff88daf0000 - 0x00007ff88db4e000 	C:\WINDOWS\SYSTEM32\POWRPROF.dll
0x00007ff8732e0000 - 0x00007ff873315000 	C:\WINDOWS\SYSTEM32\WINMM.dll
0x00007ff885db0000 - 0x00007ff885dbb000 	C:\WINDOWS\SYSTEM32\VERSION.dll
0x00007ff88dad0000 - 0x00007ff88dae4000 	C:\WINDOWS\SYSTEM32\UMPDC.dll
0x00007ff88ca40000 - 0x00007ff88ca5b000 	C:\WINDOWS\SYSTEM32\kernel.appcore.dll
0x00007ff888da0000 - 0x00007ff888daa000 	C:\Program Files\Java\jdk-24\bin\jimage.dll
0x00007ff87c770000 - 0x00007ff87c9b2000 	C:\WINDOWS\SYSTEM32\DBGHELP.DLL
0x00007ff88f880000 - 0x00007ff88fc06000 	C:\WINDOWS\System32\combase.dll
0x00007ff890410000 - 0x00007ff8904e6000 	C:\WINDOWS\System32\OLEAUT32.dll
0x00007ff85c960000 - 0x00007ff85c99c000 	C:\WINDOWS\SYSTEM32\dbgcore.DLL
0x00007ff88de00000 - 0x00007ff88dea5000 	C:\WINDOWS\System32\bcryptPrimitives.dll
0x00007ff888d90000 - 0x00007ff888d9f000 	C:\Program Files\Java\jdk-24\bin\instrument.dll
0x00007ff888d70000 - 0x00007ff888d8e000 	C:\Program Files\Java\jdk-24\bin\java.dll
0x00007ff88f6e0000 - 0x00007ff88f877000 	C:\WINDOWS\System32\ole32.dll
0x00007ff88eb40000 - 0x00007ff88f293000 	C:\WINDOWS\System32\SHELL32.dll
0x00007ff88e030000 - 0x00007ff88e19a000 	C:\WINDOWS\System32\wintypes.dll
0x00007ff88b870000 - 0x00007ff88c0ce000 	C:\WINDOWS\SYSTEM32\windows.storage.dll
0x00007ff890310000 - 0x00007ff890404000 	C:\WINDOWS\System32\SHCORE.dll
0x00007ff88fc60000 - 0x00007ff88fcc6000 	C:\WINDOWS\System32\shlwapi.dll
0x00007ff88dbb0000 - 0x00007ff88dbd9000 	C:\WINDOWS\SYSTEM32\profapi.dll
0x00007ff85df60000 - 0x00007ff85e037000 	C:\Program Files\Java\jdk-24\bin\jsvml.dll
0x00007ff888240000 - 0x00007ff888257000 	C:\Program Files\Java\jdk-24\bin\zip.dll
0x00007ff888d40000 - 0x00007ff888d50000 	C:\Program Files\Java\jdk-24\bin\net.dll
0x00007ff88cfb0000 - 0x00007ff88d01b000 	C:\WINDOWS\system32\mswsock.dll
0x00007ff888cd0000 - 0x00007ff888ce6000 	C:\Program Files\Java\jdk-24\bin\nio.dll
0x00007ff888d30000 - 0x00007ff888d39000 	C:\Program Files\Java\jdk-24\bin\extnet.dll
0x0000017881910000 - 0x0000017881913000 	C:\Users\User\.openjfx\cache\21+31\amd64\api-ms-win-core-console-l1-1-0.dll
0x0000017881920000 - 0x0000017881923000 	C:\Users\User\.openjfx\cache\21+31\amd64\api-ms-win-core-console-l1-2-0.dll
0x0000017881930000 - 0x0000017881933000 	C:\Users\User\.openjfx\cache\21+31\amd64\api-ms-win-core-datetime-l1-1-0.dll
0x00000178839b0000 - 0x00000178839b3000 	C:\Users\User\.openjfx\cache\21+31\amd64\api-ms-win-core-debug-l1-1-0.dll
0x00000178839c0000 - 0x00000178839c3000 	C:\Users\User\.openjfx\cache\21+31\amd64\api-ms-win-core-errorhandling-l1-1-0.dll
0x00000178839d0000 - 0x00000178839d4000 	C:\Users\User\.openjfx\cache\21+31\amd64\api-ms-win-core-file-l1-1-0.dll
0x00000178839e0000 - 0x00000178839e3000 	C:\Users\User\.openjfx\cache\21+31\amd64\api-ms-win-core-file-l1-2-0.dll
0x00000178839f0000 - 0x00000178839f3000 	C:\Users\User\.openjfx\cache\21+31\amd64\api-ms-win-core-file-l2-1-0.dll
0x0000017883a00000 - 0x0000017883a03000 	C:\Users\User\.openjfx\cache\21+31\amd64\api-ms-win-core-handle-l1-1-0.dll
0x0000017883a10000 - 0x0000017883a13000 	C:\Users\User\.openjfx\cache\21+31\amd64\api-ms-win-core-heap-l1-1-0.dll
0x00000178a0d70000 - 0x00000178a0d73000 	C:\Users\User\.openjfx\cache\21+31\amd64\api-ms-win-core-interlocked-l1-1-0.dll
0x00000178a0d80000 - 0x00000178a0d83000 	C:\Users\User\.openjfx\cache\21+31\amd64\api-ms-win-core-libraryloader-l1-1-0.dll
0x00000178a0d90000 - 0x00000178a0d93000 	C:\Users\User\.openjfx\cache\21+31\amd64\api-ms-win-core-localization-l1-2-0.dll
0x00000178a0da0000 - 0x00000178a0da3000 	C:\Users\User\.openjfx\cache\21+31\amd64\api-ms-win-core-memory-l1-1-0.dll
0x00000178a0db0000 - 0x00000178a0db3000 	C:\Users\User\.openjfx\cache\21+31\amd64\api-ms-win-core-namedpipe-l1-1-0.dll
0x00000178a0dc0000 - 0x00000178a0dc3000 	C:\Users\User\.openjfx\cache\21+31\amd64\api-ms-win-core-processenvironment-l1-1-0.dll
0x00000178a0dd0000 - 0x00000178a0dd3000 	C:\Users\User\.openjfx\cache\21+31\amd64\api-ms-win-core-processthreads-l1-1-0.dll
0x00000178a0de0000 - 0x00000178a0de3000 	C:\Users\User\.openjfx\cache\21+31\amd64\api-ms-win-core-processthreads-l1-1-1.dll
0x00000178a0df0000 - 0x00000178a0df3000 	C:\Users\User\.openjfx\cache\21+31\amd64\api-ms-win-core-profile-l1-1-0.dll
0x00000178a0e00000 - 0x00000178a0e03000 	C:\Users\User\.openjfx\cache\21+31\amd64\api-ms-win-core-rtlsupport-l1-1-0.dll
0x00000178a0e10000 - 0x00000178a0e13000 	C:\Users\User\.openjfx\cache\21+31\amd64\api-ms-win-core-string-l1-1-0.dll
0x00000178a0e20000 - 0x00000178a0e23000 	C:\Users\User\.openjfx\cache\21+31\amd64\api-ms-win-core-synch-l1-1-0.dll
0x00000178a0e30000 - 0x00000178a0e33000 	C:\Users\User\.openjfx\cache\21+31\amd64\api-ms-win-core-synch-l1-2-0.dll
0x00000178a0e40000 - 0x00000178a0e43000 	C:\Users\User\.openjfx\cache\21+31\amd64\api-ms-win-core-sysinfo-l1-1-0.dll
0x00000178a0e50000 - 0x00000178a0e53000 	C:\Users\User\.openjfx\cache\21+31\amd64\api-ms-win-core-timezone-l1-1-0.dll
0x00000178a0e60000 - 0x00000178a0e63000 	C:\Users\User\.openjfx\cache\21+31\amd64\api-ms-win-core-util-l1-1-0.dll
0x00000178a0e70000 - 0x00000178a0e73000 	C:\Users\User\.openjfx\cache\21+31\amd64\api-ms-win-crt-conio-l1-1-0.dll
0x00000178a0e80000 - 0x00000178a0e84000 	C:\Users\User\.openjfx\cache\21+31\amd64\api-ms-win-crt-convert-l1-1-0.dll
0x00000178a0e90000 - 0x00000178a0e93000 	C:\Users\User\.openjfx\cache\21+31\amd64\api-ms-win-crt-environment-l1-1-0.dll
0x00000178a0ea0000 - 0x00000178a0ea3000 	C:\Users\User\.openjfx\cache\21+31\amd64\api-ms-win-crt-filesystem-l1-1-0.dll
0x00000178a0eb0000 - 0x00000178a0eb3000 	C:\Users\User\.openjfx\cache\21+31\amd64\api-ms-win-crt-heap-l1-1-0.dll
0x00000178a0ec0000 - 0x00000178a0ec3000 	C:\Users\User\.openjfx\cache\21+31\amd64\api-ms-win-crt-locale-l1-1-0.dll
0x00000178a0ed0000 - 0x00000178a0ed5000 	C:\Users\User\.openjfx\cache\21+31\amd64\api-ms-win-crt-math-l1-1-0.dll
0x00000178a0ee0000 - 0x00000178a0ee5000 	C:\Users\User\.openjfx\cache\21+31\amd64\api-ms-win-crt-multibyte-l1-1-0.dll
0x00000178a0ef0000 - 0x00000178a0f00000 	C:\Users\User\.openjfx\cache\21+31\amd64\api-ms-win-crt-private-l1-1-0.dll
0x00000178a0f00000 - 0x00000178a0f03000 	C:\Users\User\.openjfx\cache\21+31\amd64\api-ms-win-crt-process-l1-1-0.dll
0x00000178a0f10000 - 0x00000178a0f14000 	C:\Users\User\.openjfx\cache\21+31\amd64\api-ms-win-crt-runtime-l1-1-0.dll
0x00000178a0f20000 - 0x00000178a0f24000 	C:\Users\User\.openjfx\cache\21+31\amd64\api-ms-win-crt-stdio-l1-1-0.dll
0x00000178a0f30000 - 0x00000178a0f34000 	C:\Users\User\.openjfx\cache\21+31\amd64\api-ms-win-crt-string-l1-1-0.dll
0x00000178a0f40000 - 0x00000178a0f43000 	C:\Users\User\.openjfx\cache\21+31\amd64\api-ms-win-crt-time-l1-1-0.dll
0x00000178a0f50000 - 0x00000178a0f53000 	C:\Users\User\.openjfx\cache\21+31\amd64\api-ms-win-crt-utility-l1-1-0.dll
0x00007ff82b110000 - 0x00007ff82b20c000 	C:\Users\User\.openjfx\cache\21+31\amd64\ucrtbase.dll
0x00007ff87ce10000 - 0x00007ff87ce2b000 	C:\Users\User\.openjfx\cache\21+31\amd64\vcruntime140.dll
0x00007ff874480000 - 0x00007ff87448c000 	C:\Users\User\.openjfx\cache\21+31\amd64\vcruntime140_1.dll
0x00007ff85dcd0000 - 0x00007ff85dd5e000 	C:\Users\User\.openjfx\cache\21+31\amd64\msvcp140.dll
0x00007ff86a090000 - 0x00007ff86a099000 	C:\Users\User\.openjfx\cache\21+31\amd64\msvcp140_1.dll
0x00007ff860fd0000 - 0x00007ff860fff000 	C:\Users\User\.openjfx\cache\21+31\amd64\msvcp140_2.dll
0x00007ff860fa0000 - 0x00007ff860fcf000 	C:\Users\User\.openjfx\cache\21+31\amd64\prism_d3d.dll
0x00007ff8149b0000 - 0x00007ff814b63000 	C:\WINDOWS\system32\d3d9.dll
0x00007ff88b1c0000 - 0x00007ff88b1f0000 	C:\WINDOWS\SYSTEM32\dwmapi.dll
0x00007ff88aff0000 - 0x00007ff88b034000 	C:\WINDOWS\SYSTEM32\dxcore.dll
0x00007ff88af20000 - 0x00007ff88afcb000 	C:\WINDOWS\system32\uxtheme.dll
0x00007ff88d7d0000 - 0x00007ff88d827000 	C:\WINDOWS\SYSTEM32\cfgmgr32.dll
0x00007ff887fd0000 - 0x00007ff888033000 	C:\WINDOWS\SYSTEM32\directxdatabasehelper.dll
0x00007ff8499c0000 - 0x00007ff849a02000 	C:\Users\User\.openjfx\cache\21+31\amd64\glass.dll
0x00007ff8907a0000 - 0x00007ff890890000 	C:\WINDOWS\System32\COMDLG32.dll
0x00007ff890160000 - 0x00007ff8902be000 	C:\WINDOWS\System32\MSCTF.dll
0x00007ff868730000 - 0x00007ff868740000 	C:\Program Files\Java\jdk-24\bin\verify.dll
0x00007ff88d270000 - 0x00007ff88d28b000 	C:\WINDOWS\SYSTEM32\CRYPTSP.dll
0x00007ff88c980000 - 0x00007ff88c9ba000 	C:\WINDOWS\system32\rsaenh.dll
0x00007ff88d060000 - 0x00007ff88d08b000 	C:\WINDOWS\SYSTEM32\USERENV.dll
0x00007ff88db80000 - 0x00007ff88dbaa000 	C:\WINDOWS\SYSTEM32\bcrypt.dll
0x00007ff88d290000 - 0x00007ff88d29c000 	C:\WINDOWS\SYSTEM32\CRYPTBASE.dll
0x00007ff88c450000 - 0x00007ff88c484000 	C:\WINDOWS\SYSTEM32\IPHLPAPI.DLL
0x00007ff88fc50000 - 0x00007ff88fc5a000 	C:\WINDOWS\System32\NSI.dll
0x00007ff88c4f0000 - 0x00007ff88c61c000 	C:\WINDOWS\SYSTEM32\DNSAPI.dll
0x00007ff876bb0000 - 0x00007ff876bbb000 	C:\Windows\System32\rasadhlp.dll
0x00007ff881b10000 - 0x00007ff881b96000 	C:\WINDOWS\System32\fwpuclnt.dll
0x00007ff888200000 - 0x00007ff88820a000 	C:\Program Files\Java\jdk-24\bin\management.dll
0x00007ff886bd0000 - 0x00007ff886bdb000 	C:\Program Files\Java\jdk-24\bin\management_ext.dll
0x00007ff88e8e0000 - 0x00007ff88e8e8000 	C:\WINDOWS\System32\PSAPI.DLL
0x00007ff860850000 - 0x00007ff860864000 	C:\Users\User\.openjfx\cache\21+31\amd64\javafx_font.dll
0x00007ff8896a0000 - 0x00007ff889907000 	C:\WINDOWS\SYSTEM32\dwrite.dll
0x00007ff84fe20000 - 0x00007ff84fe4d000 	C:\Users\User\.openjfx\cache\21+31\amd64\javafx_iio.dll
0x00007ff890650000 - 0x00007ff890700000 	C:\WINDOWS\System32\clbcatq.dll
0x00007ff888fd0000 - 0x00007ff889200000 	C:\WINDOWS\SYSTEM32\WindowsCodecs.dll
0x00007ff877fa0000 - 0x00007ff877ffa000 	C:\WINDOWS\system32\dataexchange.dll
0x00007ff880f10000 - 0x00007ff881154000 	C:\WINDOWS\system32\twinapi.appcore.dll
0x00007ff84a6c0000 - 0x00007ff84a6ec000 	C:\Program Files\Common Files\Microsoft Shared\Ink\rtscom.dll
0x00007ff864080000 - 0x00007ff8641c8000 	C:\WINDOWS\SYSTEM32\textinputframework.dll

JVMTI agents:
C:\Program Files\JetBrains\IntelliJ IDEA Community Edition 2025.2.1\lib\idea_rt.jar path:C:\Program Files\Java\jdk-24\bin\instrument.dll, loaded, initialized, instrumentlib options:56059

dbghelp: loaded successfully - version: 4.0.5 - missing functions: none
symbol engine: initialized successfully - sym options: 0x614 - pdb path: .;C:\Program Files\Java\jdk-24\bin;C:\WINDOWS\SYSTEM32;C:\WINDOWS\WinSxS\amd64_microsoft.windows.common-controls_6595b64144ccf1df_6.0.26100.7309_none_3e05feeae336a044;C:\Program Files\Java\jdk-24\bin\server;C:\Users\User\.openjfx\cache\21+31\amd64;C:\WINDOWS\System32\DriverStore\FileRepository\iigd_dch.inf_amd64_7ecf8d2b2b8c53e8;C:\Program Files\Common Files\Microsoft Shared\Ink

VM Arguments:
jvm_args: -javaagent:C:\Program Files\JetBrains\IntelliJ IDEA Community Edition 2025.2.1\lib\idea_rt.jar=56059 -Dfile.encoding=UTF-8 -Dsun.stdout.encoding=UTF-8 -Dsun.stderr.encoding=UTF-8 
java_command: com.pi.grafos.Main
java_class_path (initial): C:\Users\User\IdeaProjects\sos-rota-emergency-dispatch\target\classes;C:\Users\User\.m2\repository\org\springframework\boot\spring-boot-starter-data-jpa\3.5.7\spring-boot-starter-data-jpa-3.5.7.jar;C:\Users\User\.m2\repository\org\springframework\boot\spring-boot-starter\3.5.7\spring-boot-starter-3.5.7.jar;C:\Users\User\.m2\repository\org\springframework\boot\spring-boot-starter-logging\3.5.7\spring-boot-starter-logging-3.5.7.jar;C:\Users\User\.m2\repository\ch\qos\logback\logback-classic\1.5.20\logback-classic-1.5.20.jar;C:\Users\User\.m2\repository\ch\qos\logback\logback-core\1.5.20\logback-core-1.5.20.jar;C:\Users\User\.m2\repository\org\apache\logging\log4j\log4j-to-slf4j\2.24.3\log4j-to-slf4j-2.24.3.jar;C:\Users\User\.m2\repository\org\apache\logging\log4j\log4j-api\2.24.3\log4j-api-2.24.3.jar;C:\Users\User\.m2\repository\org\slf4j\jul-to-slf4j\2.0.17\jul-to-slf4j-2.0.17.jar;C:\Users\User\.m2\repository\jakarta\annotation\jakarta.annotation-api\2.1.1\jakarta.annotation-api-2.1.1.jar;C:\Users\User\.m2\repository\org\yaml\snakeyaml\2.4\snakeyaml-2.4.jar;C:\Users\User\.m2\repository\org\springframework\boot\spring-boot-starter-jdbc\3.5.7\spring-boot-starter-jdbc-3.5.7.jar;C:\Users\User\.m2\repository\com\zaxxer\HikariCP\6.3.3\HikariCP-6.3.3.jar;C:\Users\User\.m2\repository\org\springframework\spring-jdbc\6.2.12\spring-jdbc-6.2.12.jar;C:\Users\User\.m2\repository\org\hibernate\orm\hibernate-core\6.6.33.Final\hibernate-core-6.6.33.Final.jar;C:\Users\User\.m2\repository\jakarta\persistence\jakarta.persistence-api\3.1.0\jakarta.persistence-api-3.1.0.jar;C:\Users\User\.m2\repository\jakarta\transaction\jakarta.transaction-api\2.0.1\jakarta.transaction-api-2.0.1.jar;C:\Users\User\.m2\repository\org\jboss\logging\jboss-logging\3.6.1.Final\jboss-logging-3.6.1.Final.jar;C:\Users\User\.m2\repository\org\hibernate\common\hibernate-commons-annotations\7.0.3.Final\hibernate-commons-annotations-7.0.3.Final.jar;C:\Users\User\.m2\repository\io\smallrye\jandex\3.2.0\jandex-3.2.0.jar;C:\Users\User\.m2\repository\com\fasterxml\classmate\1.7.1\classmate-1.7.1.jar;C:\Users\User\.m2\repository\net\bytebuddy\byte-buddy\1.17.8\byte-buddy-1.17.8.jar;C:\Users\User\.m2\repository\org\glassfish\jaxb\jaxb-runtime\4.0.6\jaxb-runtime-4.0.6.jar;C:\Users\User\.m2\repository\org\glassfish\jaxb\jaxb-core\4.0.6\jaxb-core-4.0.6.jar;C:\Users\User\.m2\repository\org\eclipse\angus\angus-activation\2.0.3\angus-activation-2.0.3.jar;C:\Users\User\.m2\repository\org\glassfish\jaxb\txw2\4.0.6\txw2-4.0.6.jar;C:\Users\User\.m2\repository\com\sun\istack\istack-commons-runtime\4.1.2\istack-commons-runtime-4.1.2.jar;C:\Users\User\.m2\repository\jakarta\inject\jakarta.inject-api\2.0.1\jakarta.inject-api-2.0.1.jar;C:\Users\User\.m2\repository\org\antlr\antlr4-runtime\4.13.0\antlr4-runtime-4.13.0.jar;C:\Users\User\.m2\repository\org\springframework\data\spring-data-jpa\3.5.5\spring-data-jpa-3.5.5.jar;C:\Users\User\.m2\repository\org\springframework\data\spring-data-commons\3.5.5\spring-data-commons-3.5.5.jar;C:\Users\User\.m2\repository\org\springframework\spring-orm\6.2.12\spring-orm-6.2.12.jar;C:\Users\User\.m2\repository\org\springframework\spring-context\6.2.12\spring-context-6.2.12.jar;C:\Users\User\.m2\repository\io\micrometer\micrometer-observation\1.15.5\micrometer-observation-1.15.5.jar;C:\Users\User\.m2\repository\io\micrometer\micrometer-commons\1.15.5\micrometer-commons-1.15.5.jar;C:\Users\User\.m2\repository\org\springframework\spring-tx\6.2.12\spring-tx-6.2.12.jar;C:\Users\User\.m2\repository\org\springframework\spring-beans\6.2.12\spring-beans-6.2.12.jar;C:\Users\User\.m2\repository\org\slf4j\slf4j-api\2.0.17\slf4j-api-2.0.17.jar;C:\Users\User\.m2\repository\org\springframework\spring-aspects\6.2.12\spring-aspects-6.2.12.jar;C:\Users\User\.m2\repository\org\aspectj\aspectjweaver\1.9.24\aspectjweaver-1.9.24.jar;C:\Users\User\.m2\repository\com\opencsv\opencsv\5.7.1\opencsv-5.7.1.jar;C:\Users\User\.m2\repository\org\apache\commons\commons-lang3\3.17.0\commons-lang3-3.17.0.jar;C:\Users\User\.m2\repository\org\apache\commons\commons-text\1.10.0\commons-text-1.10.0.jar;C:\Users\User\.m2\repository\commons-beanutils\commons-beanutils\1.9.4\commons-beanutils-1.9.4.jar;C:\Users\User\.m2\repository\commons-logging\commons-logging\1.2\commons-logging-1.2.jar;C:\Users\User\.m2\repository\commons-collections\commons-collections\3.2.2\commons-collections-3.2.2.jar;C:\Users\User\.m2\repository\org\apache\commons\commons-collections4\4.4\commons-collections4-4.4.jar;C:\Users\User\.m2\repository\org\springframework\boot\spring-boot-starter-security\3.5.7\spring-boot-starter-security-3.5.7.jar;C:\Users\User\.m2\repository\org\springframework\spring-aop\6.2.12\spring-aop-6.2.12.jar;C:\Users\User\.m2\repository\org\springframework\security\spring-security-config\6.5.6\spring-security-config-6.5.6.jar;C:\Users\User\.m2\repository\org\springframework\security\spring-security-core\6.5.6\spring-security-core-6.5.6.jar;C:\Users\User\.m2\repository\org\springframework\security\spring-security-crypto\6.5.6\spring-security-crypto-6.5.6.jar;C:\Users\User\.m2\repository\org\springframework\security\spring-security-web\6.5.6\spring-security-web-6.5.6.jar;C:\Users\User\.m2\repository\org\springframework\spring-expression\6.2.12\spring-expression-6.2.12.jar;C:\Users\User\.m2\repository\org\springframework\spring-web\6.2.12\spring-web-6.2.12.jar;C:\Users\User\.m2\repository\org\springframework\boot\spring-boot-devtools\3.5.7\spring-boot-devtools-3.5.7.jar;C:\Users\User\.m2\repository\org\springframework\boot\spring-boot\3.5.7\spring-boot-3.5.7.jar;C:\Users\User\.m2\repository\org\springframework\boot\spring-boot-autoconfigure\3.5.7\spring-boot-autoconfigure-3.5.7.jar;C:\Users\User\.m2\repository\org\postgresql\postgresql\42.7.8\postgresql-42.7.8.jar;C:\Users\User\.m2\repository\org\checkerframework\checker-qual\3.49.5\checker-qual-3.49.5.jar;C:\Users\User\.m2\repository\org\projectlombok\lombok\1.18.42\lombok-1.18.42.jar;C:\Users\User\.m2\repository\jakarta\xml\bind\jakarta.xml.bind-api\4.0.4\jakarta.xml.bind-api-4.0.4.jar;C:\Users\User\.m2\repository\jakarta\activation\jakarta.activation-api\2.1.4\jakarta.activation-api-2.1.4.jar;C:\Users\User\.m2\repository\org\springframework\spring-core\6.2.12\spring-core-6.2.12.jar;C:\Users\User\.m2\repository\org\springframework\spring-jcl\6.2.12\spring-jcl-6.2.12.jar;C:\Users\User\.m2\repository\org\openjfx\javafx-controls\21\javafx-controls-21.jar;C:\Users\User\.m2\repository\org\openjfx\javafx-controls\21\javafx-controls-21-win.jar;C:\Users\User\.m2\repository\org\openjfx\javafx-graphics\21\javafx-graphics-21.jar;C:\Users\User\.m2\repository\org\openjfx\javafx-graphics\21\javafx-graphics-21-win.jar;C:\Users\User\.m2\repository\org\openjfx\javafx-base\21\javafx-base-21.jar;C:\Users\User\.m2\repository\org\openjfx\javafx-base\21\javafx-base-21-win.jar;C:\Users\User\.m2\repository\org\openjfx\javafx-fxml\21\javafx-fxml-21.jar;C:\Users\User\.m2\repository\org\openjfx\javafx-fxml\21\javafx-fxml-21-win.jar
Launcher Type: SUN_STANDARD

[Global flags]
     intx CICompilerCount                          = 4                                         {product} {ergonomic}
     uint ConcGCThreads                            = 2                                         {product} {ergonomic}
     uint G1ConcRefinementThreads                  = 8                                         {product} {ergonomic}
   size_t G1HeapRegionSize                         = 1048576                                   {product} {ergonomic}
   size_t InitialHeapSize                          = 134217728                                 {product} {ergonomic}
   size_t MarkStackSize                            = 4194304                                   {product} {ergonomic}
   size_t MarkStackSizeMax                         = 536870912                                 {product} {ergonomic}
   size_t MaxHeapSize                              = 2116026368                                {product} {ergonomic}
   size_t MaxNewSize                               = 1268776960                                {product} {ergonomic}
   size_t MinHeapDeltaBytes                        = 1048576                                   {product} {ergonomic}
   size_t MinHeapSize                              = 8388608                                   {product} {ergonomic}
    uintx NonNMethodCodeHeapSize                   = 5832704                                {pd product} {ergonomic}
    uintx NonProfiledCodeHeapSize                  = 122945536                              {pd product} {ergonomic}
    uintx ProfiledCodeHeapSize                     = 122880000                              {pd product} {ergonomic}
    uintx ReservedCodeCacheSize                    = 251658240                              {pd product} {ergonomic}
     bool SegmentedCodeCache                       = true                                      {product} {ergonomic}
   size_t SoftMaxHeapSize                          = 2116026368                             {manageable} {ergonomic}
     bool UseCompressedOops                        = true                           {product lp64_product} {ergonomic}
     bool UseG1GC                                  = true                                      {product} {ergonomic}
     bool UseLargePagesIndividualAllocation        = false                                  {pd product} {ergonomic}

Logging:
Log output configuration:
 #0: stdout all=off uptime,level,tags foldmultilines=false
 #1: stderr all=off uptime,level,tags foldmultilines=false

Environment Variables:
PATH=C:\Program Files\Common Files\Oracle\Java\javapath;C:\Program Files (x86)\Common Files\Oracle\Java\java8path;C:\Program Files (x86)\Common Files\Oracle\Java\javapath;C:\WINDOWS\system32;C:\WINDOWS;C:\WINDOWS\System32\Wbem;C:\WINDOWS\System32\WindowsPowerShell\v1.0\;C:\WINDOWS\System32\OpenSSH\;C:\Program Files\dotnet\;C:\Program Files\Docker\Docker\resources\bin;C:\Program Files\Git\cmd;C:\Program Files\nodejs\;C:\Users\User\AppData\Local\Microsoft\WindowsApps;C:\Users\User\AppData\Local\Programs\Microsoft VS Code\bin;C:\Users\User\AppData\Roaming\npm;
USERNAME=User
OS=Windows_NT
PROCESSOR_IDENTIFIER=Intel64 Family 6 Model 142 Stepping 12, GenuineIntel
TMP=C:\Users\User\AppData\Local\Temp
TEMP=C:\Users\User\AppData\Local\Temp




Periodic native trim disabled

---------------  S Y S T E M  ---------------

OS:
 Windows 11 , 64 bit Build 26100 (10.0.26100.7309)
OS uptime: 0 days 2:35 hours
Hyper-V role detected

CPU: total 8 (initial active 8) (4 cores per cpu, 2 threads per core) family 6 model 142 stepping 12 microcode 0xf8, cx8, cmov, fxsr, ht, mmx, 3dnowpref, sse, sse2, sse3, ssse3, sse4.1, sse4.2, popcnt, lzcnt, tsc, tscinvbit, avx, avx2, aes, erms, clmul, bmi1, bmi2, adx, fma, vzeroupper, clflush, clflushopt, hv, rdtscp, f16c
Processor Information for the first 8 processors :
  Max Mhz: 1992, Current Mhz: 1792, Mhz Limit: 1792

Memory: 4k page, system-wide physical 8067M (1198M free)
TotalPageFile size 14723M (AvailPageFile size 2733M)
current process WorkingSet (physical memory assigned to process): 615M, peak: 818M
current process commit charge ("private bytes"): 642M, peak: 852M

vm_info: Java HotSpot(TM) 64-Bit Server VM (24.0.2+12-54) for windows-amd64 JRE (24.0.2+12-54), built on 2025-07-08T12:10:27Z with MS VC++ 17.6 (VS2022)

END.
